Component: ARM Compiler 5.06 update 7 (build 960) Tool: armlink [4d3601]

==============================================================================

Section Cross References

    startup_stm32f10x_md.o(STACK) refers (Special) to heapauxi.o(.text) for __use_two_region_memory
    startup_stm32f10x_md.o(HEAP) refers (Special) to heapauxi.o(.text) for __use_two_region_memory
    startup_stm32f10x_md.o(RESET) refers (Special) to heapauxi.o(.text) for __use_two_region_memory
    startup_stm32f10x_md.o(RESET) refers to startup_stm32f10x_md.o(STACK) for __initial_sp
    startup_stm32f10x_md.o(RESET) refers to startup_stm32f10x_md.o(.text) for Reset_Handler
    startup_stm32f10x_md.o(RESET) refers to stm32f10x_it.o(i.NMI_Handler) for NMI_Handler
    startup_stm32f10x_md.o(RESET) refers to stm32f10x_it.o(i.HardFault_Handler) for HardFault_Handler
    startup_stm32f10x_md.o(RESET) refers to stm32f10x_it.o(i.MemManage_Handler) for MemManage_Handler
    startup_stm32f10x_md.o(RESET) refers to stm32f10x_it.o(i.BusFault_Handler) for BusFault_Handler
    startup_stm32f10x_md.o(RESET) refers to stm32f10x_it.o(i.UsageFault_Handler) for UsageFault_Handler
    startup_stm32f10x_md.o(RESET) refers to stm32f10x_it.o(i.SVC_Handler) for SVC_Handler
    startup_stm32f10x_md.o(RESET) refers to stm32f10x_it.o(i.DebugMon_Handler) for DebugMon_Handler
    startup_stm32f10x_md.o(RESET) refers to stm32f10x_it.o(i.PendSV_Handler) for PendSV_Handler
    startup_stm32f10x_md.o(RESET) refers to stm32f10x_it.o(i.SysTick_Handler) for SysTick_Handler
    startup_stm32f10x_md.o(RESET) refers to timer.o(i.TIM2_IRQHandler) for TIM2_IRQHandler
    startup_stm32f10x_md.o(.text) refers (Special) to heapauxi.o(.text) for __use_two_region_memory
    startup_stm32f10x_md.o(.text) refers to system_stm32f10x.o(i.SystemInit) for SystemInit
    startup_stm32f10x_md.o(.text) refers to __main.o(!!!main) for __main
    startup_stm32f10x_md.o(.text) refers to startup_stm32f10x_md.o(HEAP) for Heap_Mem
    startup_stm32f10x_md.o(.text) refers to startup_stm32f10x_md.o(STACK) for Stack_Mem
    system_stm32f10x.o(i.SystemCoreClockUpdate) refers to system_stm32f10x.o(.data) for .data
    system_stm32f10x.o(i.SystemInit) refers to system_stm32f10x.o(i.SetSysClockTo72) for SetSysClockTo72
    stm32f10x_adc.o(i.ADC_DeInit) refers to stm32f10x_rcc.o(i.RCC_APB2PeriphResetCmd) for RCC_APB2PeriphResetCmd
    stm32f10x_bkp.o(i.BKP_DeInit) refers to stm32f10x_rcc.o(i.RCC_BackupResetCmd) for RCC_BackupResetCmd
    stm32f10x_can.o(i.CAN_DeInit) refers to stm32f10x_rcc.o(i.RCC_APB1PeriphResetCmd) for RCC_APB1PeriphResetCmd
    stm32f10x_can.o(i.CAN_GetITStatus) refers to stm32f10x_can.o(i.CheckITStatus) for CheckITStatus
    stm32f10x_cec.o(i.CEC_DeInit) refers to stm32f10x_rcc.o(i.RCC_APB1PeriphResetCmd) for RCC_APB1PeriphResetCmd
    stm32f10x_dac.o(i.DAC_DeInit) refers to stm32f10x_rcc.o(i.RCC_APB1PeriphResetCmd) for RCC_APB1PeriphResetCmd
    stm32f10x_flash.o(i.FLASH_EnableWriteProtection) refers to stm32f10x_flash.o(i.FLASH_WaitForLastOperation) for FLASH_WaitForLastOperation
    stm32f10x_flash.o(i.FLASH_EraseAllBank1Pages) refers to stm32f10x_flash.o(i.FLASH_WaitForLastBank1Operation) for FLASH_WaitForLastBank1Operation
    stm32f10x_flash.o(i.FLASH_EraseAllPages) refers to stm32f10x_flash.o(i.FLASH_WaitForLastOperation) for FLASH_WaitForLastOperation
    stm32f10x_flash.o(i.FLASH_EraseOptionBytes) refers to stm32f10x_flash.o(i.FLASH_GetReadOutProtectionStatus) for FLASH_GetReadOutProtectionStatus
    stm32f10x_flash.o(i.FLASH_EraseOptionBytes) refers to stm32f10x_flash.o(i.FLASH_WaitForLastOperation) for FLASH_WaitForLastOperation
    stm32f10x_flash.o(i.FLASH_ErasePage) refers to stm32f10x_flash.o(i.FLASH_WaitForLastOperation) for FLASH_WaitForLastOperation
    stm32f10x_flash.o(i.FLASH_ProgramHalfWord) refers to stm32f10x_flash.o(i.FLASH_WaitForLastOperation) for FLASH_WaitForLastOperation
    stm32f10x_flash.o(i.FLASH_ProgramOptionByteData) refers to stm32f10x_flash.o(i.FLASH_WaitForLastOperation) for FLASH_WaitForLastOperation
    stm32f10x_flash.o(i.FLASH_ProgramWord) refers to stm32f10x_flash.o(i.FLASH_WaitForLastOperation) for FLASH_WaitForLastOperation
    stm32f10x_flash.o(i.FLASH_ReadOutProtection) refers to stm32f10x_flash.o(i.FLASH_WaitForLastOperation) for FLASH_WaitForLastOperation
    stm32f10x_flash.o(i.FLASH_UserOptionByteConfig) refers to stm32f10x_flash.o(i.FLASH_WaitForLastOperation) for FLASH_WaitForLastOperation
    stm32f10x_flash.o(i.FLASH_WaitForLastBank1Operation) refers to stm32f10x_flash.o(i.FLASH_GetBank1Status) for FLASH_GetBank1Status
    stm32f10x_flash.o(i.FLASH_WaitForLastOperation) refers to stm32f10x_flash.o(i.FLASH_GetBank1Status) for FLASH_GetBank1Status
    stm32f10x_gpio.o(i.GPIO_AFIODeInit) refers to stm32f10x_rcc.o(i.RCC_APB2PeriphResetCmd) for RCC_APB2PeriphResetCmd
    stm32f10x_gpio.o(i.GPIO_DeInit) refers to stm32f10x_rcc.o(i.RCC_APB2PeriphResetCmd) for RCC_APB2PeriphResetCmd
[...]
    lv_label.o(i.lv_label_set_text) refers to strcpy.o(.text) for strcpy
    lv_label.o(i.lv_label_set_text) refers to lv_label.o(i.lv_label_refr_text) for lv_label_refr_text
    lv_label.o(i.lv_label_set_text_fmt) refers to lv_obj_pos.o(i.lv_obj_invalidate) for lv_obj_invalidate
    lv_label.o(i.lv_label_set_text_fmt) refers to lv_mem.o(i.lv_mem_free) for lv_mem_free
    lv_label.o(i.lv_label_set_text_fmt) refers to lv_txt.o(i._lv_txt_set_text_vfmt) for _lv_txt_set_text_vfmt
    lv_label.o(i.lv_label_set_text_fmt) refers to lv_label.o(i.lv_label_refr_text) for lv_label_refr_text
    lv_label.o(i.lv_label_set_text_sel_end) refers to lv_obj_pos.o(i.lv_obj_invalidate) for lv_obj_invalidate
    lv_label.o(i.lv_label_set_text_sel_start) refers to lv_obj_pos.o(i.lv_obj_invalidate) for lv_obj_invalidate
    lv_label.o(i.lv_label_set_text_static) refers to lv_mem.o(i.lv_mem_free) for lv_mem_free
    lv_label.o(i.lv_label_set_text_static) refers to lv_label.o(i.lv_label_refr_text) for lv_label_refr_text
    lv_label.o(i.lv_obj_get_style_anim_speed) refers to lv_obj_style.o(i.lv_obj_get_style_prop) for lv_obj_get_style_prop
    lv_label.o(i.lv_obj_get_style_text_font) refers to lv_obj_style.o(i.lv_obj_get_style_prop) for lv_obj_get_style_prop
    lv_label.o(i.lv_obj_get_style_text_letter_space) refers to lv_obj_style.o(i.lv_obj_get_style_prop) for lv_obj_get_style_prop
    lv_label.o(i.lv_obj_get_style_text_line_space) refers to lv_obj_style.o(i.lv_obj_get_style_prop) for lv_obj_get_style_prop
    lv_label.o(i.lv_obj_get_style_width) refers to lv_obj_style.o(i.lv_obj_get_style_prop) for lv_obj_get_style_prop
    lv_label.o(i.set_ofs_x_anim) refers to lv_obj_pos.o(i.lv_obj_invalidate) for lv_obj_invalidate
    lv_label.o(i.set_ofs_y_anim) refers to lv_obj_pos.o(i.lv_obj_invalidate) for lv_obj_invalidate
    lv_label.o(.constdata) refers to lv_obj.o(.constdata) for lv_obj_class
    lv_label.o(.constdata) refers to lv_label.o(i.lv_label_constructor) for lv_label_constructor
    lv_label.o(.constdata) refers to lv_label.o(i.lv_label_destructor) for lv_label_destructor
    lv_label.o(.constdata) refers to lv_label.o(i.lv_label_event) for lv_label_event
    lv_switch.o(i.draw_main) refers to lv_event.o(i.lv_event_get_target) for lv_event_get_target
    lv_switch.o(i.draw_main) refers to lv_event.o(i.lv_event_get_draw_ctx) for lv_event_get_draw_ctx
    lv_switch.o(i.draw_main) refers to lv_switch.o(i.lv_obj_get_style_pad_left) for lv_obj_get_style_pad_left
    lv_switch.o(i.draw_main) refers to lv_switch.o(i.lv_obj_get_style_pad_right) for lv_obj_get_style_pad_right
    lv_switch.o(i.draw_main) refers to lv_switch.o(i.lv_obj_get_style_pad_top) for lv_obj_get_style_pad_top
    lv_switch.o(i.draw_main) refers to lv_switch.o(i.lv_obj_get_style_pad_bottom) for lv_obj_get_style_pad_bottom
    lv_switch.o(i.draw_main) refers to lv_draw_rect.o(i.lv_draw_rect_dsc_init) for lv_draw_rect_dsc_init
    lv_switch.o(i.draw_main) refers to lv_obj_draw.o(i.lv_obj_init_draw_rect_dsc) for lv_obj_init_draw_rect_dsc
    lv_switch.o(i.draw_main) refers to lv_draw_rect.o(i.lv_draw_rect) for lv_draw_rect
    lv_switch.o(i.draw_main) refers to lv_obj_pos.o(i.lv_obj_get_height) for lv_obj_get_height
    lv_switch.o(i.draw_main) refers to lv_obj.o(i.lv_obj_get_state) for lv_obj_get_state
    lv_switch.o(i.draw_main) refers to lv_obj_style.o(i.lv_obj_get_style_prop) for lv_obj_get_style_prop
    lv_switch.o(i.lv_obj_get_style_pad_bottom) refers to lv_obj_style.o(i.lv_obj_get_style_prop) for lv_obj_get_style_prop
    lv_switch.o(i.lv_obj_get_style_pad_left) refers to lv_obj_style.o(i.lv_obj_get_style_prop) for lv_obj_get_style_prop
    lv_switch.o(i.lv_obj_get_style_pad_right) refers to lv_obj_style.o(i.lv_obj_get_style_prop) for lv_obj_get_style_prop
    lv_switch.o(i.lv_obj_get_style_pad_top) refers to lv_obj_style.o(i.lv_obj_get_style_prop) for lv_obj_get_style_prop
    lv_switch.o(i.lv_switch_anim_exec_cb) refers to lv_obj_pos.o(i.lv_obj_invalidate) for lv_obj_invalidate
    lv_switch.o(i.lv_switch_anim_ready) refers to lv_obj_pos.o(i.lv_obj_invalidate) for lv_obj_invalidate
    lv_switch.o(i.lv_switch_constructor) refers to lv_obj.o(i.lv_obj_clear_flag) for lv_obj_clear_flag
    lv_switch.o(i.lv_switch_constructor) refers to lv_obj.o(i.lv_obj_add_flag) for lv_obj_add_flag
    lv_switch.o(i.lv_switch_create) refers to lv_obj_class.o(i.lv_obj_class_create_obj) for lv_obj_class_create_obj
    lv_switch.o(i.lv_switch_create) refers to lv_obj_class.o(i.lv_obj_class_init_obj) for lv_obj_class_init_obj
    lv_switch.o(i.lv_switch_create) refers to lv_switch.o(.constdata) for .constdata
    lv_switch.o(i.lv_switch_destructor) refers to lv_anim.o(i.lv_anim_del) for lv_anim_del
    lv_switch.o(i.lv_switch_event) refers to lv_event.o(i.lv_obj_event_base) for lv_obj_event_base
    lv_switch.o(i.lv_switch_event) refers to lv_event.o(i.lv_event_get_code) for lv_event_get_code
    lv_switch.o(i.lv_switch_event) refers to lv_event.o(i.lv_event_get_target) for lv_event_get_target
    lv_switch.o(i.lv_switch_event) refers to lv_switch.o(i.draw_main) for draw_main
    lv_switch.o(i.lv_switch_event) refers to lv_switch.o(i.lv_obj_get_style_pad_left) for lv_obj_get_style_pad_left
    lv_switch.o(i.lv_switch_event) refers to lv_switch.o(i.lv_obj_get_style_pad_right) for lv_obj_get_style_pad_right
    lv_switch.o(i.lv_switch_event) refers to lv_switch.o(i.lv_obj_get_style_pad_top) for lv_obj_get_style_pad_top
    lv_switch.o(i.lv_switch_event) refers to lv_switch.o(i.lv_obj_get_style_pad_bottom) for lv_obj_get_style_pad_bottom
    lv_switch.o(i.lv_switch_event) refers to lv_obj_draw.o(i.lv_obj_calculate_ext_draw_size) for lv_obj_calculate_ext_draw_size
    lv_switch.o(i.lv_switch_event) refers to lv_event.o(i.lv_event_get_param) for lv_event_get_param
    lv_switch.o(i.lv_switch_event) refers to lv_switch.o(i.lv_switch_trigger_anim) for lv_switch_trigger_anim
    lv_switch.o(i.lv_switch_event) refers to lv_obj_pos.o(i.lv_obj_invalidate) for lv_obj_invalidate
    lv_switch.o(i.lv_switch_event) refers to lv_switch.o(.constdata) for .constdata
    lv_switch.o(i.lv_switch_trigger_anim) refers to lv_obj_style.o(i.lv_obj_get_style_prop) for lv_obj_get_style_prop
    lv_switch.o(i.lv_switch_trigger_anim) refers to lv_obj.o(i.lv_obj_get_state) for lv_obj_get_state
    lv_switch.o(i.lv_switch_trigger_anim) refers to lv_anim.o(i.lv_anim_del) for lv_anim_del
    lv_switch.o(i.lv_switch_trigger_anim) refers to lv_anim.o(i.lv_anim_init) for lv_anim_init
    lv_switch.o(i.lv_switch_trigger_anim) refers to lv_anim.o(i.lv_anim_start) for lv_anim_start
    lv_switch.o(i.lv_switch_trigger_anim) refers to lv_switch.o(i.lv_switch_anim_exec_cb) for lv_switch_anim_exec_cb
    lv_switch.o(i.lv_switch_trigger_anim) refers to lv_switch.o(i.lv_switch_anim_ready) for lv_switch_anim_ready
    lv_switch.o(.constdata) refers to lv_obj.o(.constdata) for lv_obj_class
    lv_switch.o(.constdata) refers to lv_switch.o(i.lv_switch_constructor) for lv_switch_constructor
    lv_switch.o(.constdata) refers to lv_switch.o(i.lv_switch_destructor) for lv_switch_destructor
    lv_switch.o(.constdata) refers to lv_switch.o(i.lv_switch_event) for lv_switch_event
    llsdiv.o(.text) refers to lludivv7m.o(.text) for __aeabi_uldivmod
    abort.o(.text) refers to defsig_abrt_outer.o(.text) for __rt_SIGABRT
    abort.o(.text) refers (Weak) to libshutdown.o(.ARM.Collect$$libshutdown$$00000000) for __rt_lib_shutdown
    abort.o(.text) refers to sys_exit.o(.text) for _sys_exit
    rt_memcpy_v6.o(.text) refers to rt_memcpy_w.o(.text) for __aeabi_memcpy4
    rt_memmove_v6.o(.text) refers to rt_memcpy_v6.o(.text) for __aeabi_memcpy
    rt_memmove_v6.o(.text) refers to rt_memmove_w.o(.text) for __memmove_aligned
    rt_memclr.o(.text) refers to rt_memclr_w.o(.text) for _memset_w
    __main.o(!!!main) refers to __rtentry.o(.ARM.Collect$$rtentry$$00000000) for __rt_entry
    sys_exit.o(.text) refers (Special) to use_no_semi.o(.text) for __I$use$semihosting
    sys_exit.o(.text) refers (Special) to indicate_semi.o(.text) for __semihosting_library_function
    __rtentry.o(.ARM.Collect$$rtentry$$00000000) refers (Special) to __rtentry2.o(.ARM.Collect$$rtentry$$0000000A) for __rt_entry_li
    __rtentry.o(.ARM.Collect$$rtentry$$00000000) refers (Special) to __rtentry2.o(.ARM.Collect$$rtentry$$0000000D) for __rt_entry_main
    __rtentry.o(.ARM.Collect$$rtentry$$00000000) refers (Special) to __rtentry2.o(.ARM.Collect$$rtentry$$0000000C) for __rt_entry_postli_1
    __rtentry.o(.ARM.Collect$$rtentry$$00000000) refers (Special) to __rtentry2.o(.ARM.Collect$$rtentry$$00000009) for __rt_entry_postsh_1
    __rtentry.o(.ARM.Collect$$rtentry$$00000000) refers (Special) to __rtentry2.o(.ARM.Collect$$rtentry$$00000002) for __rt_entry_presh_1
    __rtentry.o(.ARM.Collect$$rtentry$$00000000) refers (Special) to __rtentry4.o(.ARM.Collect$$rtentry$$00000004) for __rt_entry_sh
    aeabi_ldiv0_sigfpe.o(.text) refers to rt_div0.o(.text) for __rt_div0
    defsig_abrt_outer.o(.text) refers to defsig_abrt_inner.o(.text) for __rt_SIGABRT_inner
    defsig_abrt_outer.o(.text) refers to defsig_exit.o(.text) for __sig_exit
    defsig_abrt_formal.o(.text) refers to rt_raise.o(.text) for __rt_raise
    rt_memmove_w.o(.text) refers to rt_memcpy_w.o(.text) for __aeabi_memcpy4
    __rtentry2.o(.ARM.Collect$$rtentry$$00000008) refers to boardinit2.o(.text) for _platform_post_stackheap_init
    __rtentry2.o(.ARM.Collect$$rtentry$$0000000A) refers to libinit.o(.ARM.Collect$$libinit$$00000000) for __rt_lib_init
    __rtentry2.o(.ARM.Collect$$rtentry$$0000000B) refers to boardinit3.o(.text) for _platform_post_lib_init
    __rtentry2.o(.ARM.Collect$$rtentry$$0000000D) refers to main.o(i.main) for main
    __rtentry2.o(.ARM.Collect$$rtentry$$0000000D) refers to exit.o(.text) for exit
    __rtentry2.o(.ARM.exidx) refers to __rtentry2.o(.ARM.Collect$$rtentry$$00000001) for .ARM.Collect$$rtentry$$00000001
    __rtentry2.o(.ARM.exidx) refers to __rtentry2.o(.ARM.Collect$$rtentry$$00000008) for .ARM.Collect$$rtentry$$00000008
    __rtentry2.o(.ARM.exidx) refers to __rtentry2.o(.ARM.Collect$$rtentry$$0000000A) for .ARM.Collect$$rtentry$$0000000A
    __rtentry2.o(.ARM.exidx) refers to __rtentry2.o(.ARM.Collect$$rtentry$$0000000B) for .ARM.Collect$$rtentry$$0000000B
    __rtentry2.o(.ARM.exidx) refers to __rtentry2.o(.ARM.Collect$$rtentry$$0000000D) for .ARM.Collect$$rtentry$$0000000D
    __rtentry4.o(.ARM.Collect$$rtentry$$00000004) refers to sys_stackheap_outer.o(.text) for __user_setup_stackheap
    __rtentry4.o(.ARM.exidx) refers to __rtentry4.o(.ARM.Collect$$rtentry$$00000004) for .ARM.Collect$$rtentry$$00000004
    rt_div0.o(.text) refers to defsig_fpe_outer.o(.text) for __rt_SIGFPE
    rt_raise.o(.text) refers to __raise.o(.text) for __raise
    rt_raise.o(.text) refers to sys_exit.o(.text) for _sys_exit
    defsig_exit.o(.text) refers to sys_exit.o(.text) for _sys_exit
    defsig_abrt_inner.o(.text) refers to defsig_general.o(.text) for __default_signal_display
    sys_stackheap_outer.o(.text) refers to libspace.o(.text) for __user_perproc_libspace
    sys_stackheap_outer.o(.text) refers to startup_stm32f10x_md.o(.text) for __user_initial_stackheap
    exit.o(.text) refers to rtexit.o(.ARM.Collect$$rtexit$$00000000) for __rt_exit
    __raise.o(.text) refers to defsig.o(CL$$defsig) for __default_signal_handler
    defsig_general.o(.text) refers to sys_wrch.o(.text) for _ttywrch
    defsig_fpe_outer.o(.text) refers to defsig_fpe_inner.o(.text) for __rt_SIGFPE_inner
    defsig_fpe_outer.o(.text) refers to defsig_exit.o(.text) for __sig_exit
    defsig_fpe_formal.o(.text) refers to rt_raise.o(.text) for __rt_raise
    libinit.o(.ARM.Collect$$libinit$$00000000) refers (Special) to libinit2.o(.ARM.Collect$$libinit$$0000002E) for __rt_lib_init_alloca_1
    libinit.o(.ARM.Collect$$libinit$$00000000) refers (Special) to libinit2.o(.ARM.Collect$$libinit$$0000002C) for __rt_lib_init_argv_1
    libinit.o(.ARM.Collect$$libinit$$00000000) refers (Special) to libinit2.o(.ARM.Collect$$libinit$$0000001B) for __rt_lib_init_atexit_1
    libinit.o(.ARM.Collect$$libinit$$00000000) refers (Special) to libinit2.o(.ARM.Collect$$libinit$$00000021) for __rt_lib_init_clock_1
    libinit.o(.ARM.Collect$$libinit$$00000000) refers (Special) to libinit2.o(.ARM.Collect$$libinit$$00000032) for __rt_lib_init_cpp_1
    libinit.o(.ARM.Collect$$libinit$$00000000) refers (Special) to libinit2.o(.ARM.Collect$$libinit$$00000030) for __rt_lib_init_exceptions_1
    libinit.o(.ARM.Collect$$libinit$$00000000) refers (Special) to libinit2.o(.ARM.Collect$$libinit$$00000002) for __rt_lib_init_fp_1
    libinit.o(.ARM.Collect$$libinit$$00000000) refers (Special) to libinit2.o(.ARM.Collect$$libinit$$0000001F) for __rt_lib_init_fp_trap_1
    libinit.o(.ARM.Collect$$libinit$$00000000) refers (Special) to libinit2.o(.ARM.Collect$$libinit$$00000023) for __rt_lib_init_getenv_1
    libinit.o(.ARM.Collect$$libinit$$00000000) refers (Special) to libinit2.o(.ARM.Collect$$libinit$$0000000A) for __rt_lib_init_heap_1
    libinit.o(.ARM.Collect$$libinit$$00000000) refers (Special) to libinit2.o(.ARM.Collect$$libinit$$00000011) for __rt_lib_init_lc_collate_1
    libinit.o(.ARM.Collect$$libinit$$00000000) refers (Special) to libinit2.o(.ARM.Collect$$libinit$$00000013) for __rt_lib_init_lc_ctype_1
    libinit.o(.ARM.Collect$$libinit$$00000000) refers (Special) to libinit2.o(.ARM.Collect$$libinit$$00000015) for __rt_lib_init_lc_monetary_1
    libinit.o(.ARM.Collect$$libinit$$00000000) refers (Special) to libinit2.o(.ARM.Collect$$libinit$$00000017) for __rt_lib_init_lc_numeric_1
    libinit.o(.ARM.Collect$$libinit$$00000000) refers (Special) to libinit2.o(.ARM.Collect$$libinit$$00000019) for __rt_lib_init_lc_time_1
    libinit.o(.ARM.Collect$$libinit$$00000000) refers (Special) to libinit2.o(.ARM.Collect$$libinit$$00000004) for __rt_lib_init_preinit_1
    libinit.o(.ARM.Collect$$libinit$$00000000) refers (Special) to libinit2.o(.ARM.Collect$$libinit$$0000000E) for __rt_lib_init_rand_1
    libinit.o(.ARM.Collect$$libinit$$00000000) refers (Special) to libinit2.o(.ARM.Collect$$libinit$$00000033) for __rt_lib_init_return
    libinit.o(.ARM.Collect$$libinit$$00000000) refers (Special) to libinit2.o(.ARM.Collect$$libinit$$0000001D) for __rt_lib_init_signal_1
    libinit.o(.ARM.Collect$$libinit$$00000000) refers (Special) to libinit2.o(.ARM.Collect$$libinit$$00000025) for __rt_lib_init_stdio_1
    libinit.o(.ARM.Collect$$libinit$$00000000) refers (Special) to libinit2.o(.ARM.Collect$$libinit$$0000000C) for __rt_lib_init_user_alloc_1
    sys_wrch.o(.text) refers (Special) to use_no_semi.o(.text) for __I$use$semihosting
    sys_wrch.o(.text) refers (Special) to indicate_semi.o(.text) for __semihosting_library_function
    libspace.o(.text) refers to libspace.o(.bss) for __libspace_start
    rtexit.o(.ARM.Collect$$rtexit$$00000000) refers (Special) to rtexit2.o(.ARM.Collect$$rtexit$$00000004) for __rt_exit_exit
    rtexit.o(.ARM.Collect$$rtexit$$00000000) refers (Special) to rtexit2.o(.ARM.Collect$$rtexit$$00000003) for __rt_exit_ls
    rtexit.o(.ARM.Collect$$rtexit$$00000000) refers (Special) to rtexit2.o(.ARM.Collect$$rtexit$$00000002) for __rt_exit_prels_1
    rtexit.o(.ARM.exidx) refers (Special) to rtexit2.o(.ARM.Collect$$rtexit$$00000004) for __rt_exit_exit
    rtexit.o(.ARM.exidx) refers (Special) to rtexit2.o(.ARM.Collect$$rtexit$$00000003) for __rt_exit_ls
    rtexit.o(.ARM.exidx) refers (Special) to rtexit2.o(.ARM.Collect$$rtexit$$00000002) for __rt_exit_prels_1
    rtexit.o(.ARM.exidx) refers to rtexit.o(.ARM.Collect$$rtexit$$00000000) for .ARM.Collect$$rtexit$$00000000
    defsig_fpe_inner.o(.text) refers to defsig_general.o(.text) for __default_signal_display
    defsig.o(CL$$defsig) refers to defsig_abrt_inner.o(.text) for __rt_SIGABRT_inner
    defsig.o(CL$$defsig) refers to defsig_fpe_inner.o(.text) for __rt_SIGFPE_inner
    defsig.o(CL$$defsig) refers to defsig_rtmem_inner.o(.text) for __rt_SIGRTMEM_inner
    libinit2.o(.ARM.Collect$$libinit$$00000010) refers to libinit2.o(.ARM.Collect$$libinit$$0000000F) for .ARM.Collect$$libinit$$0000000F
    libinit2.o(.ARM.Collect$$libinit$$00000012) refers to libinit2.o(.ARM.Collect$$libinit$$0000000F) for .ARM.Collect$$libinit$$0000000F
    libinit2.o(.ARM.Collect$$libinit$$00000014) refers to libinit2.o(.ARM.Collect$$libinit$$0000000F) for .ARM.Collect$$libinit$$0000000F
    libinit2.o(.ARM.Collect$$libinit$$00000016) refers to libinit2.o(.ARM.Collect$$libinit$$0000000F) for .ARM.Collect$$libinit$$0000000F
    libinit2.o(.ARM.Collect$$libinit$$00000018) refers to libinit2.o(.ARM.Collect$$libinit$$0000000F) for .ARM.Collect$$libinit$$0000000F
    libinit2.o(.ARM.Collect$$libinit$$00000026) refers to argv_veneer.o(.emb_text) for __ARM_argv_veneer
    libinit2.o(.ARM.Collect$$libinit$$00000027) refers to argv_veneer.o(.emb_text) for __ARM_argv_veneer
    rtexit2.o(.ARM.Collect$$rtexit$$00000003) refers to libshutdown.o(.ARM.Collect$$libshutdown$$00000000) for __rt_lib_shutdown
    rtexit2.o(.ARM.Collect$$rtexit$$00000004) refers to sys_exit.o(.text) for _sys_exit
    rtexit2.o(.ARM.exidx) refers to rtexit2.o(.ARM.Collect$$rtexit$$00000001) for .ARM.Collect$$rtexit$$00000001
    rtexit2.o(.ARM.exidx) refers to rtexit2.o(.ARM.Collect$$rtexit$$00000003) for .ARM.Collect$$rtexit$$00000003
    rtexit2.o(.ARM.exidx) refers to rtexit2.o(.ARM.Collect$$rtexit$$00000004) for .ARM.Collect$$rtexit$$00000004
    defsig_rtred_inner.o(.text) refers to defsig_general.o(.text) for __default_signal_display
    defsig_rtmem_inner.o(.text) refers to defsig_general.o(.text) for __default_signal_display
    defsig_stak_inner.o(.text) refers to defsig_general.o(.text) for __default_signal_display
    defsig_pvfn_inner.o(.text) refers to defsig_general.o(.text) for __default_signal_display
    defsig_cppl_inner.o(.text) refers to defsig_general.o(.text) for __default_signal_display
    defsig_segv_inner.o(.text) refers to defsig_general.o(.text) for __default_signal_display
    defsig_other.o(.text) refers to defsig_general.o(.text) for __default_signal_display
    argv_veneer.o(.emb_text) refers to no_argv.o(.text) for __ARM_get_argv
    _get_argv_nomalloc.o(.text) refers (Special) to hrguard.o(.text) for __heap_region$guard
    _get_argv_nomalloc.o(.text) refers to defsig_rtmem_outer.o(.text) for __rt_SIGRTMEM
    _get_argv_nomalloc.o(.text) refers to sys_command.o(.text) for _sys_command_string
    libshutdown.o(.ARM.Collect$$libshutdown$$00000000) refers (Special) to libshutdown2.o(.ARM.Collect$$libshutdown$$00000004) for __rt_lib_shutdown_cpp_1
    libshutdown.o(.ARM.Collect$$libshutdown$$00000000) refers (Special) to libshutdown2.o(.ARM.Collect$$libshutdown$$00000002) for __rt_lib_shutdown_fini_1
    libshutdown.o(.ARM.Collect$$libshutdown$$00000000) refers (Special) to libshutdown2.o(.ARM.Collect$$libshutdown$$00000009) for __rt_lib_shutdown_fp_trap_1
    libshutdown.o(.ARM.Collect$$libshutdown$$00000000) refers (Special) to libshutdown2.o(.ARM.Collect$$libshutdown$$00000011) for __rt_lib_shutdown_heap_1
    libshutdown.o(.ARM.Collect$$libshutdown$$00000000) refers (Special) to libshutdown2.o(.ARM.Collect$$libshutdown$$00000012) for __rt_lib_shutdown_return
    libshutdown.o(.ARM.Collect$$libshutdown$$00000000) refers (Special) to libshutdown2.o(.ARM.Collect$$libshutdown$$0000000C) for __rt_lib_shutdown_signal_1
    libshutdown.o(.ARM.Collect$$libshutdown$$00000000) refers (Special) to libshutdown2.o(.ARM.Collect$$libshutdown$$00000006) for __rt_lib_shutdown_stdio_1
    libshutdown.o(.ARM.Collect$$libshutdown$$00000000) refers (Special) to libshutdown2.o(.ARM.Collect$$libshutdown$$0000000E) for __rt_lib_shutdown_user_alloc_1
    sys_command.o(.text) refers (Special) to use_no_semi.o(.text) for __I$use$semihosting
    sys_command.o(.text) refers (Special) to indicate_semi.o(.text) for __semihosting_library_function
    defsig_rtmem_outer.o(.text) refers to defsig_rtmem_inner.o(.text) for __rt_SIGRTMEM_inner
    defsig_rtmem_outer.o(.text) refers to defsig_exit.o(.text) for __sig_exit
    defsig_rtmem_formal.o(.text) refers to rt_raise.o(.text) for __rt_raise


==============================================================================

Removing Unused input sections from the image.

    Removing core_cm3.o(.emb_text), (32 bytes).
    Removing system_stm32f10x.o(i.SystemCoreClockUpdate), (100 bytes).
    Removing system_stm32f10x.o(.data), (20 bytes).
    Removing misc.o(i.NVIC_SetVectorTable), (20 bytes).
    Removing misc.o(i.NVIC_SystemLPConfig), (24 bytes).
    Removing misc.o(i.SysTick_CLKSourceConfig), (24 bytes).
    Removing stm32f10x_adc.o(i.ADC_AnalogWatchdogCmd), (16 bytes).
    Removing stm32f10x_adc.o(i.ADC_AnalogWatchdogSingleChannelConfig), (12 bytes).
    Removing stm32f10x_adc.o(i.ADC_AnalogWatchdogThresholdsConfig), (6 bytes).
    Removing stm32f10x_adc.o(i.ADC_AutoInjectedConvCmd), (20 bytes).
    Removing stm32f10x_adc.o(i.ADC_ClearFlag), (6 bytes).
    Removing stm32f10x_adc.o(i.ADC_ClearITPendingBit), (8 bytes).
    Removing stm32f10x_adc.o(i.ADC_Cmd), (20 bytes).
    Removing stm32f10x_adc.o(i.ADC_DMACmd), (20 bytes).
    Removing stm32f10x_adc.o(i.ADC_DeInit), (68 bytes).
    Removing stm32f10x_adc.o(i.ADC_DiscModeChannelCountConfig), (16 bytes).
    Removing stm32f10x_adc.o(i.ADC_DiscModeCmd), (20 bytes).
    Removing stm32f10x_adc.o(i.ADC_ExternalTrigConvCmd), (20 bytes).
    Removing stm32f10x_adc.o(i.ADC_ExternalTrigInjectedConvCmd), (20 bytes).
    Removing stm32f10x_adc.o(i.ADC_ExternalTrigInjectedConvConfig), (12 bytes).
    Removing stm32f10x_adc.o(i.ADC_GetCalibrationStatus), (14 bytes).
    Removing stm32f10x_adc.o(i.ADC_GetConversionValue), (6 bytes).
    Removing stm32f10x_adc.o(i.ADC_GetDualModeConversionValue), (12 bytes).
    Removing stm32f10x_adc.o(i.ADC_GetFlagStatus), (14 bytes).
    Removing stm32f10x_adc.o(i.ADC_GetITStatus), (28 bytes).
    Removing stm32f10x_adc.o(i.ADC_GetInjectedConversionValue), (14 bytes).
    Removing stm32f10x_adc.o(i.ADC_GetResetCalibrationStatus), (14 bytes).
    Removing stm32f10x_adc.o(i.ADC_GetSoftwareStartConvStatus), (14 bytes).
    Removing stm32f10x_adc.o(i.ADC_GetSoftwareStartInjectedConvCmdStatus), (14 bytes).
    Removing stm32f10x_adc.o(i.ADC_ITConfig), (18 bytes).
    Removing stm32f10x_adc.o(i.ADC_Init), (72 bytes).
    Removing stm32f10x_adc.o(i.ADC_InjectedChannelConfig), (74 bytes).
    Removing stm32f10x_adc.o(i.ADC_InjectedDiscModeCmd), (20 bytes).
    Removing stm32f10x_adc.o(i.ADC_InjectedSequencerLengthConfig), (16 bytes).
    Removing stm32f10x_adc.o(i.ADC_RegularChannelConfig), (116 bytes).
    Removing stm32f10x_adc.o(i.ADC_ResetCalibration), (10 bytes).
    Removing stm32f10x_adc.o(i.ADC_SetInjectedOffset), (10 bytes).
    Removing stm32f10x_adc.o(i.ADC_SoftwareStartConvCmd), (20 bytes).
    Removing stm32f10x_adc.o(i.ADC_SoftwareStartInjectedConvCmd), (20 bytes).
    Removing stm32f10x_adc.o(i.ADC_StartCalibration), (10 bytes).
    Removing stm32f10x_adc.o(i.ADC_StructInit), (18 bytes).
    Removing stm32f10x_adc.o(i.ADC_TempSensorVrefintCmd), (28 bytes).
    Removing stm32f10x_bkp.o(i.BKP_ClearFlag), (16 bytes).
    Removing stm32f10x_bkp.o(i.BKP_ClearITPendingBit), (16 bytes).
    Removing stm32f10x_bkp.o(i.BKP_DeInit), (18 bytes).
    Removing stm32f10x_bkp.o(i.BKP_GetFlagStatus), (12 bytes).
    Removing stm32f10x_bkp.o(i.BKP_GetITStatus), (12 bytes).
    Removing stm32f10x_bkp.o(i.BKP_ITConfig), (12 bytes).
    Removing stm32f10x_bkp.o(i.BKP_RTCOutputConfig), (20 bytes).
    Removing stm32f10x_bkp.o(i.BKP_ReadBackupRegister), (16 bytes).
    Removing stm32f10x_bkp.o(i.BKP_SetRTCCalibrationValue), (20 bytes).
    Removing stm32f10x_bkp.o(i.BKP_TamperPinCmd), (12 bytes).
    Removing stm32f10x_bkp.o(i.BKP_TamperPinLevelConfig), (12 bytes).
    Removing stm32f10x_bkp.o(i.BKP_WriteBackupRegister), (16 bytes).
    Removing stm32f10x_can.o(i.CAN_CancelTransmit), (36 bytes).
    Removing stm32f10x_can.o(i.CAN_ClearFlag), (48 bytes).
    Removing stm32f10x_can.o(i.CAN_ClearITPendingBit), (120 bytes).
    Removing stm32f10x_can.o(i.CAN_DBGFreeze), (20 bytes).
    Removing stm32f10x_can.o(i.CAN_DeInit), (44 bytes).
    Removing stm32f10x_can.o(i.CAN_FIFORelease), (22 bytes).
    Removing stm32f10x_can.o(i.CAN_FilterInit), (204 bytes).
    Removing stm32f10x_can.o(i.CAN_GetFlagStatus), (52 bytes).
    Removing stm32f10x_can.o(i.CAN_GetITStatus), (168 bytes).
    Removing stm32f10x_can.o(i.CAN_GetLSBTransmitErrorCounter), (8 bytes).
    Removing stm32f10x_can.o(i.CAN_GetLastErrorCode), (10 bytes).
    Removing stm32f10x_can.o(i.CAN_GetReceiveErrorCounter), (6 bytes).
    Removing stm32f10x_can.o(i.CAN_ITConfig), (16 bytes).
    Removing stm32f10x_can.o(i.CAN_Init), (232 bytes).
    Removing stm32f10x_can.o(i.CAN_MessagePending), (22 bytes).
    Removing stm32f10x_can.o(i.CAN_OperatingModeRequest), (140 bytes).
    Removing stm32f10x_can.o(i.CAN_Receive), (144 bytes).
    Removing stm32f10x_can.o(i.CAN_SlaveStartBank), (44 bytes).
    Removing stm32f10x_can.o(i.CAN_Sleep), (30 bytes).
    Removing stm32f10x_can.o(i.CAN_StructInit), (32 bytes).
    Removing stm32f10x_can.o(i.CAN_TTComModeCmd), (90 bytes).
    Removing stm32f10x_can.o(i.CAN_Transmit), (190 bytes).
    Removing stm32f10x_can.o(i.CAN_TransmitStatus), (108 bytes).
    Removing stm32f10x_can.o(i.CAN_WakeUp), (40 bytes).
    Removing stm32f10x_can.o(i.CheckITStatus), (12 bytes).
    Removing stm32f10x_cec.o(i.CEC_ClearFlag), (32 bytes).
    Removing stm32f10x_cec.o(i.CEC_ClearITPendingBit), (32 bytes).
    Removing stm32f10x_cec.o(i.CEC_Cmd), (28 bytes).
    Removing stm32f10x_cec.o(i.CEC_DeInit), (24 bytes).
    Removing stm32f10x_cec.o(i.CEC_EndOfMessageCmd), (12 bytes).
    Removing stm32f10x_cec.o(i.CEC_GetFlagStatus), (36 bytes).
    Removing stm32f10x_cec.o(i.CEC_GetITStatus), (36 bytes).
    Removing stm32f10x_cec.o(i.CEC_ITConfig), (12 bytes).
    Removing stm32f10x_cec.o(i.CEC_Init), (24 bytes).
    Removing stm32f10x_cec.o(i.CEC_OwnAddressConfig), (12 bytes).
    Removing stm32f10x_cec.o(i.CEC_ReceiveDataByte), (12 bytes).
    Removing stm32f10x_cec.o(i.CEC_SendDataByte), (12 bytes).
    Removing stm32f10x_cec.o(i.CEC_SetPrescaler), (12 bytes).
    Removing stm32f10x_cec.o(i.CEC_StartOfMessage), (16 bytes).
    Removing stm32f10x_crc.o(i.CRC_CalcBlockCRC), (28 bytes).
    Removing stm32f10x_crc.o(i.CRC_CalcCRC), (12 bytes).
    Removing stm32f10x_crc.o(i.CRC_GetCRC), (12 bytes).
    Removing stm32f10x_crc.o(i.CRC_GetIDRegister), (12 bytes).
    Removing stm32f10x_crc.o(i.CRC_ResetDR), (12 bytes).
    Removing stm32f10x_crc.o(i.CRC_SetIDRegister), (12 bytes).
    Removing stm32f10x_dac.o(i.DAC_Cmd), (24 bytes).
    Removing stm32f10x_dac.o(i.DAC_DMACmd), (24 bytes).
    Removing stm32f10x_dac.o(i.DAC_DeInit), (24 bytes).
    Removing stm32f10x_dac.o(i.DAC_DualSoftwareTriggerCmd), (28 bytes).
    Removing stm32f10x_dac.o(i.DAC_GetDataOutputValue), (24 bytes).
    Removing stm32f10x_dac.o(i.DAC_Init), (40 bytes).
    Removing stm32f10x_dac.o(i.DAC_SetChannel1Data), (20 bytes).
    Removing stm32f10x_dac.o(i.DAC_SetChannel2Data), (20 bytes).
    Removing stm32f10x_dac.o(i.DAC_SetDualChannelData), (28 bytes).
    Removing stm32f10x_dac.o(i.DAC_SoftwareTriggerCmd), (28 bytes).
    Removing stm32f10x_dac.o(i.DAC_StructInit), (12 bytes).
    Removing stm32f10x_dac.o(i.DAC_WaveGenerationCmd), (24 bytes).
    Removing stm32f10x_dbgmcu.o(i.DBGMCU_Config), (24 bytes).
    Removing stm32f10x_dbgmcu.o(i.DBGMCU_GetDEVID), (16 bytes).
    Removing stm32f10x_dbgmcu.o(i.DBGMCU_GetREVID), (12 bytes).
    Removing stm32f10x_dma.o(i.DMA_ClearFlag), (24 bytes).
    Removing stm32f10x_dma.o(i.DMA_ClearITPendingBit), (24 bytes).
    Removing stm32f10x_dma.o(i.DMA_Cmd), (22 bytes).
    Removing stm32f10x_dma.o(i.DMA_DeInit), (228 bytes).
    Removing stm32f10x_dma.o(i.DMA_GetCurrDataCounter), (6 bytes).
    Removing stm32f10x_dma.o(i.DMA_GetFlagStatus), (32 bytes).
    Removing stm32f10x_dma.o(i.DMA_GetITStatus), (32 bytes).
    Removing stm32f10x_dma.o(i.DMA_ITConfig), (16 bytes).
    Removing stm32f10x_dma.o(i.DMA_Init), (58 bytes).
    Removing stm32f10x_dma.o(i.DMA_SetCurrDataCounter), (4 bytes).
    Removing stm32f10x_dma.o(i.DMA_StructInit), (26 bytes).
    Removing stm32f10x_exti.o(i.EXTI_ClearFlag), (12 bytes).
    Removing stm32f10x_exti.o(i.EXTI_ClearITPendingBit), (12 bytes).
    Removing stm32f10x_exti.o(i.EXTI_DeInit), (36 bytes).
    Removing stm32f10x_exti.o(i.EXTI_GenerateSWInterrupt), (16 bytes).
    Removing stm32f10x_exti.o(i.EXTI_GetFlagStatus), (20 bytes).
    Removing stm32f10x_exti.o(i.EXTI_GetITStatus), (32 bytes).
    Removing stm32f10x_exti.o(i.EXTI_Init), (112 bytes).
    Removing stm32f10x_exti.o(i.EXTI_StructInit), (14 bytes).
    Removing stm32f10x_flash.o(i.FLASH_ClearFlag), (12 bytes).
    Removing stm32f10x_flash.o(i.FLASH_EnableWriteProtection), (172 bytes).
    Removing stm32f10x_flash.o(i.FLASH_EraseAllBank1Pages), (56 bytes).
    Removing stm32f10x_flash.o(i.FLASH_EraseAllPages), (56 bytes).
    Removing stm32f10x_flash.o(i.FLASH_EraseOptionBytes), (124 bytes).
    Removing stm32f10x_flash.o(i.FLASH_ErasePage), (60 bytes).
    Removing stm32f10x_flash.o(i.FLASH_GetBank1Status), (40 bytes).
    Removing stm32f10x_flash.o(i.FLASH_GetFlagStatus), (32 bytes).
    Removing stm32f10x_flash.o(i.FLASH_GetPrefetchBufferStatus), (20 bytes).
    Removing stm32f10x_flash.o(i.FLASH_GetReadOutProtectionStatus), (20 bytes).
    Removing stm32f10x_flash.o(i.FLASH_GetStatus), (40 bytes).
    Removing stm32f10x_flash.o(i.FLASH_GetUserOptionByte), (12 bytes).
    Removing stm32f10x_flash.o(i.FLASH_GetWriteProtectionOptionByte), (12 bytes).
    Removing stm32f10x_flash.o(i.FLASH_HalfCycleAccessCmd), (24 bytes).
    Removing stm32f10x_flash.o(i.FLASH_ITConfig), (24 bytes).
    Removing stm32f10x_flash.o(i.FLASH_Lock), (16 bytes).
    Removing stm32f10x_flash.o(i.FLASH_LockBank1), (16 bytes).
    Removing stm32f10x_flash.o(i.FLASH_PrefetchBufferCmd), (24 bytes).
    Removing stm32f10x_flash.o(i.FLASH_ProgramHalfWord), (52 bytes).
    Removing stm32f10x_flash.o(i.FLASH_ProgramOptionByteData), (76 bytes).
    Removing stm32f10x_flash.o(i.FLASH_ProgramWord), (80 bytes).
    Removing stm32f10x_flash.o(i.FLASH_ReadOutProtection), (136 bytes).
    Removing stm32f10x_flash.o(i.FLASH_SetLatency), (20 bytes).
    Removing stm32f10x_flash.o(i.FLASH_Unlock), (24 bytes).
    Removing stm32f10x_flash.o(i.FLASH_UnlockBank1), (24 bytes).
    Removing stm32f10x_flash.o(i.FLASH_UserOptionByteConfig), (96 bytes).
    Removing stm32f10x_flash.o(i.FLASH_WaitForLastBank1Operation), (36 bytes).
    Removing stm32f10x_flash.o(i.FLASH_WaitForLastOperation), (36 bytes).
    Removing stm32f10x_fsmc.o(i.FSMC_ClearFlag), (38 bytes).
    Removing stm32f10x_fsmc.o(i.FSMC_ClearITPendingBit), (44 bytes).
    Removing stm32f10x_fsmc.o(i.FSMC_GetECC), (18 bytes).
    Removing stm32f10x_fsmc.o(i.FSMC_GetFlagStatus), (40 bytes).
    Removing stm32f10x_fsmc.o(i.FSMC_GetITStatus), (48 bytes).
    Removing stm32f10x_fsmc.o(i.FSMC_ITConfig), (72 bytes).
    Removing stm32f10x_fsmc.o(i.FSMC_NANDCmd), (56 bytes).
    Removing stm32f10x_fsmc.o(i.FSMC_NANDDeInit), (40 bytes).
    Removing stm32f10x_fsmc.o(i.FSMC_NANDECCCmd), (56 bytes).
    Removing stm32f10x_fsmc.o(i.FSMC_NANDInit), (104 bytes).
    Removing stm32f10x_fsmc.o(i.FSMC_NANDStructInit), (54 bytes).
    Removing stm32f10x_fsmc.o(i.FSMC_NORSRAMCmd), (32 bytes).
    Removing stm32f10x_fsmc.o(i.FSMC_NORSRAMDeInit), (40 bytes).
    Removing stm32f10x_fsmc.o(i.FSMC_NORSRAMInit), (200 bytes).
    Removing stm32f10x_fsmc.o(i.FSMC_NORSRAMStructInit), (98 bytes).
    Removing stm32f10x_fsmc.o(i.FSMC_PCCARDCmd), (32 bytes).
    Removing stm32f10x_fsmc.o(i.FSMC_PCCARDDeInit), (26 bytes).
    Removing stm32f10x_fsmc.o(i.FSMC_PCCARDInit), (102 bytes).
    Removing stm32f10x_fsmc.o(i.FSMC_PCCARDStructInit), (60 bytes).
    Removing stm32f10x_gpio.o(i.GPIO_AFIODeInit), (22 bytes).
    Removing stm32f10x_gpio.o(i.GPIO_DeInit), (180 bytes).
    Removing stm32f10x_gpio.o(i.GPIO_ETH_MediaInterfaceConfig), (12 bytes).
    Removing stm32f10x_gpio.o(i.GPIO_EXTILineConfig), (40 bytes).
    Removing stm32f10x_gpio.o(i.GPIO_EventOutputCmd), (12 bytes).
    Removing stm32f10x_gpio.o(i.GPIO_EventOutputConfig), (28 bytes).
    Removing stm32f10x_gpio.o(i.GPIO_PinLockConfig), (16 bytes).
    Removing stm32f10x_gpio.o(i.GPIO_PinRemapConfig), (88 bytes).
    Removing stm32f10x_gpio.o(i.GPIO_ReadInputData), (6 bytes).
    Removing stm32f10x_gpio.o(i.GPIO_ReadInputDataBit), (14 bytes).
    Removing stm32f10x_gpio.o(i.GPIO_ReadOutputData), (6 bytes).
    Removing stm32f10x_gpio.o(i.GPIO_ReadOutputDataBit), (14 bytes).
    Removing stm32f10x_gpio.o(i.GPIO_ResetBits), (4 bytes).
    Removing stm32f10x_gpio.o(i.GPIO_SetBits), (4 bytes).
    Removing stm32f10x_gpio.o(i.GPIO_StructInit), (16 bytes).
    Removing stm32f10x_gpio.o(i.GPIO_Write), (4 bytes).
    Removing stm32f10x_gpio.o(i.GPIO_WriteBit), (10 bytes).
    Removing stm32f10x_i2c.o(i.I2C_ARPCmd), (20 bytes).
    Removing stm32f10x_i2c.o(i.I2C_AcknowledgeConfig), (20 bytes).
    Removing stm32f10x_i2c.o(i.I2C_CalculatePEC), (20 bytes).
    Removing stm32f10x_i2c.o(i.I2C_CheckEvent), (24 bytes).
    Removing stm32f10x_i2c.o(i.I2C_ClearFlag), (6 bytes).
    Removing stm32f10x_i2c.o(i.I2C_ClearITPendingBit), (6 bytes).
    Removing stm32f10x_i2c.o(i.I2C_Cmd), (20 bytes).
    Removing stm32f10x_i2c.o(i.I2C_DMACmd), (20 bytes).
    Removing stm32f10x_i2c.o(i.I2C_DMALastTransferCmd), (20 bytes).
    Removing stm32f10x_i2c.o(i.I2C_DeInit), (44 bytes).
    Removing stm32f10x_i2c.o(i.I2C_DualAddressCmd), (20 bytes).
    Removing stm32f10x_i2c.o(i.I2C_FastModeDutyCycleConfig), (22 bytes).
    Removing stm32f10x_i2c.o(i.I2C_GeneralCallCmd), (20 bytes).
    Removing stm32f10x_i2c.o(i.I2C_GenerateSTART), (20 bytes).
    Removing stm32f10x_i2c.o(i.I2C_GenerateSTOP), (20 bytes).
    Removing stm32f10x_i2c.o(i.I2C_GetFlagStatus), (42 bytes).
    Removing stm32f10x_i2c.o(i.I2C_GetITStatus), (36 bytes).
    Removing stm32f10x_i2c.o(i.I2C_GetLastEvent), (14 bytes).
    Removing stm32f10x_i2c.o(i.I2C_GetPEC), (6 bytes).
    Removing stm32f10x_i2c.o(i.I2C_ITConfig), (16 bytes).
    Removing stm32f10x_i2c.o(i.I2C_Init), (188 bytes).
    Removing stm32f10x_i2c.o(i.I2C_NACKPositionConfig), (22 bytes).
    Removing stm32f10x_i2c.o(i.I2C_OwnAddress2Config), (16 bytes).
    Removing stm32f10x_i2c.o(i.I2C_PECPositionConfig), (22 bytes).
    Removing stm32f10x_i2c.o(i.I2C_ReadRegister), (10 bytes).
    Removing stm32f10x_i2c.o(i.I2C_ReceiveData), (6 bytes).
    Removing stm32f10x_i2c.o(i.I2C_SMBusAlertConfig), (22 bytes).
    Removing stm32f10x_i2c.o(i.I2C_Send7bitAddress), (16 bytes).
    Removing stm32f10x_i2c.o(i.I2C_SendData), (4 bytes).
    Removing stm32f10x_i2c.o(i.I2C_SoftwareResetCmd), (20 bytes).
    Removing stm32f10x_i2c.o(i.I2C_StretchClockCmd), (20 bytes).
    Removing stm32f10x_i2c.o(i.I2C_StructInit), (28 bytes).
    Removing stm32f10x_i2c.o(i.I2C_TransmitPEC), (20 bytes).
    Removing stm32f10x_iwdg.o(i.IWDG_Enable), (16 bytes).
    Removing stm32f10x_iwdg.o(i.IWDG_GetFlagStatus), (20 bytes).
    Removing stm32f10x_iwdg.o(i.IWDG_ReloadCounter), (16 bytes).
    Removing stm32f10x_iwdg.o(i.IWDG_SetPrescaler), (12 bytes).
    Removing stm32f10x_iwdg.o(i.IWDG_SetReload), (12 bytes).
    Removing stm32f10x_iwdg.o(i.IWDG_WriteAccessCmd), (12 bytes).
    Removing stm32f10x_pwr.o(i.PWR_BackupAccessCmd), (12 bytes).
    Removing stm32f10x_pwr.o(i.PWR_ClearFlag), (16 bytes).
    Removing stm32f10x_pwr.o(i.PWR_DeInit), (24 bytes).
    Removing stm32f10x_pwr.o(i.PWR_EnterSTANDBYMode), (40 bytes).
    Removing stm32f10x_pwr.o(i.PWR_EnterSTOPMode), (52 bytes).
    Removing stm32f10x_pwr.o(i.PWR_GetFlagStatus), (20 bytes).
    Removing stm32f10x_pwr.o(i.PWR_PVDCmd), (12 bytes).
    Removing stm32f10x_pwr.o(i.PWR_PVDLevelConfig), (20 bytes).
    Removing stm32f10x_pwr.o(i.PWR_WakeUpPinCmd), (12 bytes).
    Removing stm32f10x_rcc.o(i.RCC_ADCCLKConfig), (20 bytes).
    Removing stm32f10x_rcc.o(i.RCC_AHBPeriphClockCmd), (24 bytes).
    Removing stm32f10x_rcc.o(i.RCC_APB1PeriphResetCmd), (24 bytes).
    Removing stm32f10x_rcc.o(i.RCC_APB2PeriphResetCmd), (24 bytes).
    Removing stm32f10x_rcc.o(i.RCC_AdjustHSICalibrationValue), (20 bytes).
    Removing stm32f10x_rcc.o(i.RCC_BackupResetCmd), (12 bytes).
    Removing stm32f10x_rcc.o(i.RCC_ClearFlag), (16 bytes).
    Removing stm32f10x_rcc.o(i.RCC_ClearITPendingBit), (12 bytes).
    Removing stm32f10x_rcc.o(i.RCC_ClockSecuritySystemCmd), (12 bytes).
    Removing stm32f10x_rcc.o(i.RCC_DeInit), (64 bytes).
    Removing stm32f10x_rcc.o(i.RCC_GetClocksFreq), (144 bytes).
    Removing stm32f10x_rcc.o(i.RCC_GetFlagStatus), (48 bytes).
    Removing stm32f10x_rcc.o(i.RCC_GetITStatus), (20 bytes).
    Removing stm32f10x_rcc.o(i.RCC_GetSYSCLKSource), (16 bytes).
    Removing stm32f10x_rcc.o(i.RCC_HCLKConfig), (20 bytes).
    Removing stm32f10x_rcc.o(i.RCC_HSEConfig), (52 bytes).
    Removing stm32f10x_rcc.o(i.RCC_HSICmd), (12 bytes).
    Removing stm32f10x_rcc.o(i.RCC_ITConfig), (24 bytes).
    Removing stm32f10x_rcc.o(i.RCC_LSEConfig), (32 bytes).
    Removing stm32f10x_rcc.o(i.RCC_LSICmd), (12 bytes).
    Removing stm32f10x_rcc.o(i.RCC_MCOConfig), (12 bytes).
    Removing stm32f10x_rcc.o(i.RCC_PCLK1Config), (20 bytes).
    Removing stm32f10x_rcc.o(i.RCC_PCLK2Config), (20 bytes).
    Removing stm32f10x_rcc.o(i.RCC_PLLCmd), (12 bytes).
    Removing stm32f10x_rcc.o(i.RCC_PLLConfig), (20 bytes).
    Removing stm32f10x_rcc.o(i.RCC_RTCCLKCmd), (12 bytes).
    Removing stm32f10x_rcc.o(i.RCC_RTCCLKConfig), (16 bytes).
    Removing stm32f10x_rcc.o(i.RCC_SYSCLKConfig), (20 bytes).
    Removing stm32f10x_rcc.o(i.RCC_USBCLKConfig), (12 bytes).
    Removing stm32f10x_rcc.o(i.RCC_WaitForHSEStartUp), (44 bytes).
    Removing stm32f10x_rcc.o(.data), (20 bytes).
    Removing stm32f10x_rtc.o(i.RTC_ClearFlag), (16 bytes).
    Removing stm32f10x_rtc.o(i.RTC_ClearITPendingBit), (16 bytes).
    Removing stm32f10x_rtc.o(i.RTC_EnterConfigMode), (16 bytes).
    Removing stm32f10x_rtc.o(i.RTC_ExitConfigMode), (16 bytes).
    Removing stm32f10x_rtc.o(i.RTC_GetCounter), (20 bytes).
    Removing stm32f10x_rtc.o(i.RTC_GetDivider), (24 bytes).
    Removing stm32f10x_rtc.o(i.RTC_GetFlagStatus), (20 bytes).
    Removing stm32f10x_rtc.o(i.RTC_GetITStatus), (32 bytes).
    Removing stm32f10x_rtc.o(i.RTC_ITConfig), (24 bytes).
    Removing stm32f10x_rtc.o(i.RTC_SetAlarm), (32 bytes).
    Removing stm32f10x_rtc.o(i.RTC_SetCounter), (32 bytes).
    Removing stm32f10x_rtc.o(i.RTC_SetPrescaler), (32 bytes).
    Removing stm32f10x_rtc.o(i.RTC_WaitForLastTask), (16 bytes).
    Removing stm32f10x_rtc.o(i.RTC_WaitForSynchro), (24 bytes).
    Removing stm32f10x_sdio.o(i.SDIO_CEATAITCmd), (16 bytes).
    Removing stm32f10x_sdio.o(i.SDIO_ClearFlag), (12 bytes).
    Removing stm32f10x_sdio.o(i.SDIO_ClearITPendingBit), (12 bytes).
    Removing stm32f10x_sdio.o(i.SDIO_ClockCmd), (12 bytes).
    Removing stm32f10x_sdio.o(i.SDIO_CmdStructInit), (14 bytes).
    Removing stm32f10x_sdio.o(i.SDIO_CommandCompletionCmd), (12 bytes).
    Removing stm32f10x_sdio.o(i.SDIO_DMACmd), (12 bytes).
    Removing stm32f10x_sdio.o(i.SDIO_DataConfig), (44 bytes).
    Removing stm32f10x_sdio.o(i.SDIO_DataStructInit), (20 bytes).
    Removing stm32f10x_sdio.o(i.SDIO_DeInit), (36 bytes).
    Removing stm32f10x_sdio.o(i.SDIO_GetCommandResponse), (12 bytes).
    Removing stm32f10x_sdio.o(i.SDIO_GetDataCounter), (12 bytes).
    Removing stm32f10x_sdio.o(i.SDIO_GetFIFOCount), (12 bytes).
    Removing stm32f10x_sdio.o(i.SDIO_GetFlagStatus), (20 bytes).
    Removing stm32f10x_sdio.o(i.SDIO_GetITStatus), (20 bytes).
    Removing stm32f10x_sdio.o(i.SDIO_GetPowerState), (16 bytes).
    Removing stm32f10x_sdio.o(i.SDIO_GetResponse), (16 bytes).
    Removing stm32f10x_sdio.o(i.SDIO_ITConfig), (24 bytes).
    Removing stm32f10x_sdio.o(i.SDIO_Init), (44 bytes).
    Removing stm32f10x_sdio.o(i.SDIO_ReadData), (12 bytes).
    Removing stm32f10x_sdio.o(i.SDIO_SendCEATACmd), (12 bytes).
    Removing stm32f10x_sdio.o(i.SDIO_SendCommand), (40 bytes).
    Removing stm32f10x_sdio.o(i.SDIO_SendSDIOSuspendCmd), (12 bytes).
    Removing stm32f10x_sdio.o(i.SDIO_SetPowerState), (24 bytes).
    Removing stm32f10x_sdio.o(i.SDIO_SetSDIOOperation), (12 bytes).
    Removing stm32f10x_sdio.o(i.SDIO_SetSDIOReadWaitMode), (12 bytes).
    Removing stm32f10x_sdio.o(i.SDIO_StartSDIOReadWait), (12 bytes).
    Removing stm32f10x_sdio.o(i.SDIO_StopSDIOReadWait), (12 bytes).
    Removing stm32f10x_sdio.o(i.SDIO_StructInit), (16 bytes).
    Removing stm32f10x_sdio.o(i.SDIO_WriteData), (12 bytes).
    Removing stm32f10x_spi.o(i.I2S_Cmd), (20 bytes).
    Removing stm32f10x_spi.o(i.I2S_Init), (152 bytes).
    Removing stm32f10x_spi.o(i.I2S_StructInit), (18 bytes).
    Removing stm32f10x_spi.o(i.SPI_BiDirectionalLineConfig), (22 bytes).
    Removing stm32f10x_spi.o(i.SPI_CalculateCRC), (20 bytes).
    Removing stm32f10x_spi.o(i.SPI_DataSizeConfig), (16 bytes).
    Removing stm32f10x_spi.o(i.SPI_GetCRC), (12 bytes).
    Removing stm32f10x_spi.o(i.SPI_GetCRCPolynomial), (4 bytes).
    Removing stm32f10x_spi.o(i.SPI_I2S_ClearFlag), (6 bytes).
    Removing stm32f10x_spi.o(i.SPI_I2S_ClearITPendingBit), (14 bytes).
    Removing stm32f10x_spi.o(i.SPI_I2S_DMACmd), (16 bytes).
    Removing stm32f10x_spi.o(i.SPI_I2S_DeInit), (84 bytes).
    Removing stm32f10x_spi.o(i.SPI_I2S_GetFlagStatus), (14 bytes).
    Removing stm32f10x_spi.o(i.SPI_I2S_GetITStatus), (42 bytes).
    Removing stm32f10x_spi.o(i.SPI_I2S_ITConfig), (24 bytes).
    Removing stm32f10x_spi.o(i.SPI_I2S_ReceiveData), (4 bytes).
    Removing stm32f10x_spi.o(i.SPI_I2S_SendData), (4 bytes).
    Removing stm32f10x_spi.o(i.SPI_NSSInternalSoftwareConfig), (24 bytes).
    Removing stm32f10x_spi.o(i.SPI_SSOutputCmd), (20 bytes).
    Removing stm32f10x_spi.o(i.SPI_StructInit), (24 bytes).
    Removing stm32f10x_spi.o(i.SPI_TransmitCRC), (10 bytes).
    Removing stm32f10x_tim.o(i.TI1_Config), (108 bytes).
    Removing stm32f10x_tim.o(i.TI2_Config), (124 bytes).
    Removing stm32f10x_tim.o(i.TIM_ARRPreloadConfig), (20 bytes).
    Removing stm32f10x_tim.o(i.TIM_BDTRConfig), (34 bytes).
    Removing stm32f10x_tim.o(i.TIM_BDTRStructInit), (18 bytes).
    Removing stm32f10x_tim.o(i.TIM_CCPreloadControl), (20 bytes).
    Removing stm32f10x_tim.o(i.TIM_CCxCmd), (22 bytes).
    Removing stm32f10x_tim.o(i.TIM_CCxNCmd), (22 bytes).
    Removing stm32f10x_tim.o(i.TIM_ClearOC1Ref), (12 bytes).
    Removing stm32f10x_tim.o(i.TIM_ClearOC2Ref), (20 bytes).
    Removing stm32f10x_tim.o(i.TIM_ClearOC3Ref), (12 bytes).
    Removing stm32f10x_tim.o(i.TIM_ClearOC4Ref), (20 bytes).
    Removing stm32f10x_tim.o(i.TIM_CounterModeConfig), (12 bytes).
    Removing stm32f10x_tim.o(i.TIM_CtrlPWMOutputs), (22 bytes).
    Removing stm32f10x_tim.o(i.TIM_DMACmd), (16 bytes).
    Removing stm32f10x_tim.o(i.TIM_DMAConfig), (8 bytes).
    Removing stm32f10x_tim.o(i.TIM_DeInit), (368 bytes).
    Removing stm32f10x_tim.o(i.TIM_ETRClockMode1Config), (18 bytes).
    Removing stm32f10x_tim.o(i.TIM_ETRClockMode2Config), (18 bytes).
    Removing stm32f10x_tim.o(i.TIM_ETRConfig), (24 bytes).
    Removing stm32f10x_tim.o(i.TIM_EncoderInterfaceConfig), (50 bytes).
    Removing stm32f10x_tim.o(i.TIM_ForcedOC1Config), (12 bytes).
    Removing stm32f10x_tim.o(i.TIM_ForcedOC2Config), (20 bytes).
    Removing stm32f10x_tim.o(i.TIM_ForcedOC3Config), (12 bytes).
    Removing stm32f10x_tim.o(i.TIM_ForcedOC4Config), (20 bytes).
    Removing stm32f10x_tim.o(i.TIM_GenerateEvent), (4 bytes).
    Removing stm32f10x_tim.o(i.TIM_GetCapture1), (4 bytes).
    Removing stm32f10x_tim.o(i.TIM_GetCapture2), (4 bytes).
    Removing stm32f10x_tim.o(i.TIM_GetCapture3), (4 bytes).
    Removing stm32f10x_tim.o(i.TIM_GetCapture4), (6 bytes).
    Removing stm32f10x_tim.o(i.TIM_GetCounter), (4 bytes).
    Removing stm32f10x_tim.o(i.TIM_GetFlagStatus), (14 bytes).
    Removing stm32f10x_tim.o(i.TIM_GetPrescaler), (4 bytes).
    Removing stm32f10x_tim.o(i.TIM_ICInit), (300 bytes).
    Removing stm32f10x_tim.o(i.TIM_ICStructInit), (16 bytes).
    Removing stm32f10x_tim.o(i.TIM_ITRxExternalClockConfig), (18 bytes).
    Removing stm32f10x_tim.o(i.TIM_OC1FastConfig), (12 bytes).
    Removing stm32f10x_tim.o(i.TIM_OC1Init), (128 bytes).
    Removing stm32f10x_tim.o(i.TIM_OC1NPolarityConfig), (12 bytes).
    Removing stm32f10x_tim.o(i.TIM_OC1PolarityConfig), (12 bytes).
    Removing stm32f10x_tim.o(i.TIM_OC1PreloadConfig), (12 bytes).
    Removing stm32f10x_tim.o(i.TIM_OC2FastConfig), (20 bytes).
    Removing stm32f10x_tim.o(i.TIM_OC2Init), (128 bytes).
    Removing stm32f10x_tim.o(i.TIM_OC2NPolarityConfig), (20 bytes).
    Removing stm32f10x_tim.o(i.TIM_OC2PolarityConfig), (20 bytes).
    Removing stm32f10x_tim.o(i.TIM_OC2PreloadConfig), (20 bytes).
    Removing stm32f10x_tim.o(i.TIM_OC3FastConfig), (12 bytes).
    Removing stm32f10x_tim.o(i.TIM_OC3Init), (124 bytes).
    Removing stm32f10x_tim.o(i.TIM_OC3NPolarityConfig), (20 bytes).
    Removing stm32f10x_tim.o(i.TIM_OC3PolarityConfig), (20 bytes).
    Removing stm32f10x_tim.o(i.TIM_OC3PreloadConfig), (12 bytes).
    Removing stm32f10x_tim.o(i.TIM_OC4FastConfig), (20 bytes).
    Removing stm32f10x_tim.o(i.TIM_OC4Init), (100 bytes).
    Removing stm32f10x_tim.o(i.TIM_OC4PolarityConfig), (20 bytes).
    Removing stm32f10x_tim.o(i.TIM_OC4PreloadConfig), (20 bytes).
    Removing stm32f10x_tim.o(i.TIM_OCStructInit), (20 bytes).
    Removing stm32f10x_tim.o(i.TIM_PWMIConfig), (108 bytes).
    Removing stm32f10x_tim.o(i.TIM_PrescalerConfig), (6 bytes).
    Removing stm32f10x_tim.o(i.TIM_SelectCCDMA), (20 bytes).
    Removing stm32f10x_tim.o(i.TIM_SelectCOM), (20 bytes).
    Removing stm32f10x_tim.o(i.TIM_SelectHallSensor), (20 bytes).
    Removing stm32f10x_tim.o(i.TIM_SelectInputTrigger), (12 bytes).
    Removing stm32f10x_tim.o(i.TIM_SelectMasterSlaveMode), (16 bytes).
    Removing stm32f10x_tim.o(i.TIM_SelectOCxM), (70 bytes).
    Removing stm32f10x_tim.o(i.TIM_SelectOnePulseMode), (16 bytes).
    Removing stm32f10x_tim.o(i.TIM_SelectOutputTrigger), (16 bytes).
    Removing stm32f10x_tim.o(i.TIM_SelectSlaveMode), (16 bytes).
    Removing stm32f10x_tim.o(i.TIM_SetAutoreload), (4 bytes).
    Removing stm32f10x_tim.o(i.TIM_SetClockDivision), (16 bytes).
    Removing stm32f10x_tim.o(i.TIM_SetCompare1), (4 bytes).
    Removing stm32f10x_tim.o(i.TIM_SetCompare2), (4 bytes).
    Removing stm32f10x_tim.o(i.TIM_SetCompare3), (4 bytes).
    Removing stm32f10x_tim.o(i.TIM_SetCompare4), (6 bytes).
    Removing stm32f10x_tim.o(i.TIM_SetCounter), (4 bytes).
    Removing stm32f10x_tim.o(i.TIM_SetIC1Prescaler), (16 bytes).
    Removing stm32f10x_tim.o(i.TIM_SetIC2Prescaler), (24 bytes).
    Removing stm32f10x_tim.o(i.TIM_SetIC3Prescaler), (16 bytes).
    Removing stm32f10x_tim.o(i.TIM_SetIC4Prescaler), (24 bytes).
    Removing stm32f10x_tim.o(i.TIM_TIxExternalClockConfig), (46 bytes).
    Removing stm32f10x_tim.o(i.TIM_TimeBaseStructInit), (18 bytes).
    Removing stm32f10x_tim.o(i.TIM_UpdateDisableConfig), (20 bytes).
    Removing stm32f10x_tim.o(i.TIM_UpdateRequestConfig), (20 bytes).
    Removing stm32f10x_usart.o(i.USART_ClearFlag), (6 bytes).
    Removing stm32f10x_usart.o(i.USART_ClearITPendingBit), (12 bytes).
    Removing stm32f10x_usart.o(i.USART_ClockInit), (30 bytes).
    Removing stm32f10x_usart.o(i.USART_ClockStructInit), (12 bytes).
    Removing stm32f10x_usart.o(i.USART_Cmd), (20 bytes).
    Removing stm32f10x_usart.o(i.USART_DMACmd), (16 bytes).
    Removing stm32f10x_usart.o(i.USART_DeInit), (116 bytes).
    Removing stm32f10x_usart.o(i.USART_GetFlagStatus), (14 bytes).
    Removing stm32f10x_usart.o(i.USART_GetITStatus), (62 bytes).
    Removing stm32f10x_usart.o(i.USART_HalfDuplexCmd), (20 bytes).
    Removing stm32f10x_usart.o(i.USART_ITConfig), (48 bytes).
    Removing stm32f10x_usart.o(i.USART_Init), (172 bytes).
    Removing stm32f10x_usart.o(i.USART_IrDACmd), (20 bytes).
    Removing stm32f10x_usart.o(i.USART_IrDAConfig), (16 bytes).
    Removing stm32f10x_usart.o(i.USART_LINBreakDetectLengthConfig), (16 bytes).
    Removing stm32f10x_usart.o(i.USART_LINCmd), (20 bytes).
    Removing stm32f10x_usart.o(i.USART_OneBitMethodCmd), (20 bytes).
    Removing stm32f10x_usart.o(i.USART_OverSampling8Cmd), (20 bytes).
    Removing stm32f10x_usart.o(i.USART_ReceiveData), (8 bytes).
    Removing stm32f10x_usart.o(i.USART_ReceiverWakeUpCmd), (20 bytes).
    Removing stm32f10x_usart.o(i.USART_SendBreak), (10 bytes).
    Removing stm32f10x_usart.o(i.USART_SendData), (8 bytes).
    Removing stm32f10x_usart.o(i.USART_SetAddress), (16 bytes).
    Removing stm32f10x_usart.o(i.USART_SetGuardTime), (16 bytes).
    Removing stm32f10x_usart.o(i.USART_SetPrescaler), (16 bytes).
    Removing stm32f10x_usart.o(i.USART_SmartCardCmd), (20 bytes).
    Removing stm32f10x_usart.o(i.USART_SmartCardNACKCmd), (20 bytes).
    Removing stm32f10x_usart.o(i.USART_StructInit), (22 bytes).
    Removing stm32f10x_usart.o(i.USART_WakeUpConfig), (16 bytes).
    Removing stm32f10x_wwdg.o(i.WWDG_ClearFlag), (12 bytes).
    Removing stm32f10x_wwdg.o(i.WWDG_DeInit), (24 bytes).
    Removing stm32f10x_wwdg.o(i.WWDG_Enable), (16 bytes).
    Removing stm32f10x_wwdg.o(i.WWDG_EnableIT), (16 bytes).
    Removing stm32f10x_wwdg.o(i.WWDG_GetFlagStatus), (12 bytes).
    Removing stm32f10x_wwdg.o(i.WWDG_SetCounter), (16 bytes).
    Removing stm32f10x_wwdg.o(i.WWDG_SetPrescaler), (20 bytes).
    Removing stm32f10x_wwdg.o(i.WWDG_SetWindowValue), (28 bytes).
    Removing delay.o(i.Delay_s), (22 bytes).
    Removing sys.o(.emb_text), (12 bytes).
    Removing sys.o(i.Ex_NVIC_Config), (96 bytes).
    Removing sys.o(i.JTAG_Set), (40 bytes).
    Removing sys.o(i.MYRCC_DeInit), (76 bytes).
    Removing sys.o(i.MY_NVIC_Init), (110 bytes).
    Removing sys.o(i.MY_NVIC_PriorityGroupConfig), (36 bytes).
    Removing sys.o(i.MY_NVIC_SetVectorTable), (20 bytes).
    Removing sys.o(i.Stm32_Clock_Init), (104 bytes).
    Removing sys.o(i.Sys_Soft_Reset), (16 bytes).
    Removing sys.o(i.Sys_Standby), (64 bytes).
    Removing spi.o(i.SPI_SetSpeed), (30 bytes).
    Removing key.o(i.Key_GetNum), (92 bytes).
    Removing key.o(i.Key_Init), (44 bytes).
    Removing lcd.o(i.LCD_DrawPoint), (24 bytes).
    Removing lcd.o(i.LCD_DrawcolorPoint), (24 bytes).
    Removing lcd.o(i.LCD_SetCursor), (8 bytes).
    Removing lcd.o(i.Length), (32 bytes).
    Removing lcd.o(i.Pow), (16 bytes).
    Removing lcd.o(.data), (2 bytes).
    Removing lcd.o(.data), (2 bytes).
    Removing lcd.o(.data), (2 bytes).
    Removing lv_disp.o(i._lv_disp_get_refr_timer), (16 bytes).
    Removing lv_disp.o(i.lv_disp_clean_dcache), (28 bytes).
    Removing lv_disp.o(i.lv_disp_get_inactive_time), (54 bytes).
    Removing lv_disp.o(i.lv_disp_load_scr), (80 bytes).
    Removing lv_disp.o(i.lv_disp_set_bg_color), (60 bytes).
    Removing lv_disp.o(i.lv_disp_set_bg_image), (58 bytes).
    Removing lv_disp.o(i.lv_disp_set_bg_opa), (60 bytes).
    Removing lv_disp.o(i.lv_disp_set_theme), (72 bytes).
    Removing lv_disp.o(i.lv_disp_trig_activity), (24 bytes).
    Removing lv_disp.o(i.lv_scr_act), (14 bytes).
    Removing lv_disp.o(i.lv_scr_load_anim), (500 bytes).
    Removing lv_disp.o(i.opa_scale_anim), (8 bytes).
    Removing lv_disp.o(i.scr_anim_ready), (70 bytes).
    Removing lv_disp.o(i.scr_load_anim_start), (36 bytes).
    Removing lv_disp.o(i.set_x_anim), (6 bytes).
    Removing lv_disp.o(i.set_y_anim), (6 bytes).
    Removing lv_event.o(i.lv_event_get_cover_area), (16 bytes).
    Removing lv_event.o(i.lv_event_get_draw_part_dsc), (18 bytes).
    Removing lv_event.o(i.lv_event_get_hit_test_info), (14 bytes).
    Removing lv_event.o(i.lv_event_get_key), (20 bytes).
    Removing lv_event.o(i.lv_event_get_old_size), (14 bytes).
    Removing lv_event.o(i.lv_event_get_scroll_anim), (14 bytes).
    Removing lv_event.o(i.lv_event_get_self_size_info), (14 bytes).
    Removing lv_event.o(i.lv_event_get_user_data), (4 bytes).
    Removing lv_event.o(i.lv_event_register_id), (16 bytes).
    Removing lv_event.o(i.lv_event_set_cover_res), (18 bytes).
    Removing lv_event.o(i.lv_event_set_ext_draw_size), (22 bytes).
    Removing lv_event.o(i.lv_event_stop_bubbling), (10 bytes).
    Removing lv_event.o(i.lv_event_stop_processing), (10 bytes).
    Removing lv_event.o(i.lv_obj_add_event_cb), (120 bytes).
    Removing lv_event.o(i.lv_obj_get_event_user_data), (52 bytes).
    Removing lv_event.o(i.lv_obj_remove_event_cb), (110 bytes).
    Removing lv_event.o(i.lv_obj_remove_event_cb_with_user_data), (132 bytes).
    Removing lv_event.o(i.lv_obj_remove_event_dsc), (108 bytes).
    Removing lv_group.o(i.lv_group_create), (52 bytes).
    Removing lv_group.o(i.lv_group_del), (124 bytes).
    Removing lv_group.o(i.lv_group_focus_freeze), (18 bytes).
    Removing lv_group.o(i.lv_group_focus_obj), (144 bytes).
    Removing lv_group.o(i.lv_group_get_focus_cb), (8 bytes).
    Removing lv_group.o(i.lv_group_get_focused), (14 bytes).
    Removing lv_group.o(i.lv_group_get_obj_count), (4 bytes).
    Removing lv_group.o(i.lv_group_get_wrap), (12 bytes).
    Removing lv_group.o(i.lv_group_remove_all_objs), (74 bytes).
    Removing lv_group.o(i.lv_group_send_data), (22 bytes).
    Removing lv_group.o(i.lv_group_set_default), (12 bytes).
    Removing lv_group.o(i.lv_group_set_editing), (66 bytes).
    Removing lv_group.o(i.lv_group_set_focus_cb), (4 bytes).
    Removing lv_group.o(i.lv_group_set_refocus_policy), (10 bytes).
    Removing lv_group.o(i.lv_group_set_wrap), (10 bytes).
    Removing lv_group.o(i.lv_group_swap_obj), (88 bytes).
    Removing lv_indev.o(i.indev_button_proc), (112 bytes).
    Removing lv_indev.o(i.indev_click_focus), (156 bytes).
    Removing lv_indev.o(i.indev_encoder_proc), (788 bytes).
    Removing lv_indev.o(i.indev_gesture), (244 bytes).
    Removing lv_indev.o(i.indev_keypad_proc), (416 bytes).
    Removing lv_indev.o(i.indev_pointer_proc), (178 bytes).
    Removing lv_indev.o(i.indev_proc_press), (480 bytes).
    Removing lv_indev.o(i.indev_proc_release), (140 bytes).
    Removing lv_indev.o(i.indev_proc_reset_query_handler), (60 bytes).
    Removing lv_indev.o(i.indev_reset_check), (24 bytes).
    Removing lv_indev.o(i.lv_indev_enable), (16 bytes).
    Removing lv_indev.o(i.lv_indev_get_gesture_dir), (8 bytes).
    Removing lv_indev.o(i.lv_indev_get_key), (16 bytes).
    Removing lv_indev.o(i.lv_indev_get_obj_act), (12 bytes).
    Removing lv_indev.o(i.lv_indev_get_point), (32 bytes).
    Removing lv_indev.o(i.lv_indev_get_read_timer), (8 bytes).
    Removing lv_indev.o(i.lv_indev_get_vect), (32 bytes).
    Removing lv_indev.o(i.lv_indev_read_timer_cb), (168 bytes).
    Removing lv_indev.o(i.lv_indev_reset), (136 bytes).
    Removing lv_indev.o(i.lv_indev_reset_long_press), (26 bytes).
    Removing lv_indev.o(i.lv_indev_search_obj), (98 bytes).
    Removing lv_indev.o(i.lv_indev_set_button_points), (12 bytes).
    Removing lv_indev.o(i.lv_indev_set_cursor), (66 bytes).
    Removing lv_indev.o(i.lv_indev_set_group), (16 bytes).
    Removing lv_indev.o(i.lv_indev_wait_release), (14 bytes).
    Removing lv_indev_scroll.o(i._lv_indev_scroll_handler), (280 bytes).
    Removing lv_indev_scroll.o(i._lv_indev_scroll_throw_handler), (558 bytes).
    Removing lv_indev_scroll.o(i.elastic_diff), (388 bytes).
    Removing lv_indev_scroll.o(i.find_scroll_obj), (440 bytes).
    Removing lv_indev_scroll.o(i.find_snap_point_x), (272 bytes).
    Removing lv_indev_scroll.o(i.find_snap_point_y), (272 bytes).
    Removing lv_indev_scroll.o(i.init_scroll_limits), (332 bytes).
    Removing lv_indev_scroll.o(i.lv_indev_scroll_get_snap_dist), (42 bytes).
    Removing lv_indev_scroll.o(i.lv_indev_scroll_throw_predict), (58 bytes).
    Removing lv_indev_scroll.o(i.lv_obj_get_style_pad_bottom), (14 bytes).
    Removing lv_indev_scroll.o(i.lv_obj_get_style_pad_left), (14 bytes).
    Removing lv_indev_scroll.o(i.lv_obj_get_style_pad_right), (14 bytes).
    Removing lv_indev_scroll.o(i.lv_obj_get_style_pad_top), (14 bytes).
    Removing lv_indev_scroll.o(i.scroll_limit_diff), (98 bytes).
    Removing lv_obj.o(i.lv_deinit), (28 bytes).
    Removing lv_obj.o(i.lv_is_initialized), (12 bytes).
    Removing lv_obj.o(i.lv_obj_check_type), (18 bytes).
    Removing lv_obj.o(i.lv_obj_get_class), (4 bytes).
    Removing lv_obj.o(i.lv_obj_has_class), (18 bytes).
    Removing lv_obj.o(i.lv_obj_has_state), (10 bytes).
    Removing lv_obj.o(i.lv_obj_is_valid), (54 bytes).
    Removing lv_obj.o(i.obj_valid_child), (50 bytes).
    Removing lv_obj_class.o(i._lv_obj_destruct), (28 bytes).
    Removing lv_obj_draw.o(i.lv_obj_draw_part_check_type), (20 bytes).
    Removing lv_obj_draw.o(i.lv_obj_init_draw_arc_dsc), (134 bytes).
    Removing lv_obj_draw.o(i.lv_obj_init_draw_img_dsc), (138 bytes).
    Removing lv_obj_draw.o(i.lv_obj_init_draw_label_dsc), (150 bytes).
    Removing lv_obj_draw.o(i.lv_obj_init_draw_line_dsc), (160 bytes).
    Removing lv_obj_pos.o(i.lv_obj_align_to), (728 bytes).
    Removing lv_obj_pos.o(i.lv_obj_get_click_area), (62 bytes).
    Removing lv_obj_pos.o(i.lv_obj_get_x), (56 bytes).
    Removing lv_obj_pos.o(i.lv_obj_get_x2), (22 bytes).
    Removing lv_obj_pos.o(i.lv_obj_get_x_aligned), (6 bytes).
    Removing lv_obj_pos.o(i.lv_obj_get_y), (56 bytes).
    Removing lv_obj_pos.o(i.lv_obj_get_y2), (22 bytes).
    Removing lv_obj_pos.o(i.lv_obj_get_y_aligned), (6 bytes).
    Removing lv_obj_pos.o(i.lv_obj_hit_test), (94 bytes).
    Removing lv_obj_pos.o(i.lv_obj_is_visible), (70 bytes).
    Removing lv_obj_pos.o(i.lv_obj_set_align), (6 bytes).
    Removing lv_obj_pos.o(i.lv_obj_set_content_height), (54 bytes).
    Removing lv_obj_pos.o(i.lv_obj_set_content_width), (54 bytes).
    Removing lv_obj_pos.o(i.lv_obj_set_ext_click_area), (16 bytes).
    Removing lv_obj_pos.o(i.lv_obj_set_layout), (22 bytes).
    Removing lv_obj_scroll.o(i.lv_obj_get_scroll_end), (64 bytes).
    Removing lv_obj_scroll.o(i.lv_obj_is_scrolling), (32 bytes).
    Removing lv_obj_scroll.o(i.lv_obj_scroll_to_view), (30 bytes).
    Removing lv_obj_scroll.o(i.lv_obj_set_scroll_dir), (26 bytes).
    Removing lv_obj_scroll.o(i.lv_obj_set_scroll_snap_x), (22 bytes).
    Removing lv_obj_scroll.o(i.lv_obj_set_scroll_snap_y), (22 bytes).
    Removing lv_obj_scroll.o(i.lv_obj_update_snap), (36 bytes).
    Removing lv_obj_style.o(i.fade_anim_cb), (8 bytes).
    Removing lv_obj_style.o(i.fade_in_anim_ready), (12 bytes).
    Removing lv_obj_style.o(i.lv_obj_add_style), (172 bytes).
    Removing lv_obj_style.o(i.lv_obj_calculate_style_text_align), (36 bytes).
    Removing lv_obj_style.o(i.lv_obj_fade_in), (60 bytes).
    Removing lv_obj_style.o(i.lv_obj_fade_out), (64 bytes).
    Removing lv_obj_style.o(i.lv_obj_remove_local_style_prop), (64 bytes).
    Removing lv_obj_style.o(i.lv_obj_report_style_change), (56 bytes).
    Removing lv_obj_style.o(i.report_style_change_core), (88 bytes).
    Removing lv_obj_style_gen.o(i.lv_obj_set_style_anim_speed), (10 bytes).
    Removing lv_obj_style_gen.o(i.lv_obj_set_style_anim_time), (10 bytes).
    Removing lv_obj_style_gen.o(i.lv_obj_set_style_arc_color), (12 bytes).
    Removing lv_obj_style_gen.o(i.lv_obj_set_style_arc_color_filtered), (14 bytes).
    Removing lv_obj_style_gen.o(i.lv_obj_set_style_arc_img_src), (10 bytes).
    Removing lv_obj_style_gen.o(i.lv_obj_set_style_arc_opa), (10 bytes).
    Removing lv_obj_style_gen.o(i.lv_obj_set_style_arc_rounded), (10 bytes).
    Removing lv_obj_style_gen.o(i.lv_obj_set_style_arc_width), (12 bytes).
    Removing lv_obj_style_gen.o(i.lv_obj_set_style_base_dir), (12 bytes).
    Removing lv_obj_style_gen.o(i.lv_obj_set_style_bg_color), (12 bytes).
    Removing lv_obj_style_gen.o(i.lv_obj_set_style_bg_color_filtered), (14 bytes).
    Removing lv_obj_style_gen.o(i.lv_obj_set_style_bg_dither_mode), (10 bytes).
    Removing lv_obj_style_gen.o(i.lv_obj_set_style_bg_grad), (10 bytes).
    Removing lv_obj_style_gen.o(i.lv_obj_set_style_bg_grad_color), (12 bytes).
    Removing lv_obj_style_gen.o(i.lv_obj_set_style_bg_grad_color_filtered), (14 bytes).
    Removing lv_obj_style_gen.o(i.lv_obj_set_style_bg_grad_dir), (10 bytes).
    Removing lv_obj_style_gen.o(i.lv_obj_set_style_bg_grad_stop), (10 bytes).
    Removing lv_obj_style_gen.o(i.lv_obj_set_style_bg_img_opa), (10 bytes).
    Removing lv_obj_style_gen.o(i.lv_obj_set_style_bg_img_recolor), (12 bytes).
    Removing lv_obj_style_gen.o(i.lv_obj_set_style_bg_img_recolor_filtered), (14 bytes).
    Removing lv_obj_style_gen.o(i.lv_obj_set_style_bg_img_recolor_opa), (10 bytes).
    Removing lv_obj_style_gen.o(i.lv_obj_set_style_bg_img_src), (12 bytes).
    Removing lv_obj_style_gen.o(i.lv_obj_set_style_bg_img_tiled), (10 bytes).
    Removing lv_obj_style_gen.o(i.lv_obj_set_style_bg_main_stop), (10 bytes).
    Removing lv_obj_style_gen.o(i.lv_obj_set_style_bg_opa), (10 bytes).
    Removing lv_obj_style_gen.o(i.lv_obj_set_style_blend_mode), (10 bytes).
    Removing lv_obj_style_gen.o(i.lv_obj_set_style_border_color), (12 bytes).
    Removing lv_obj_style_gen.o(i.lv_obj_set_style_border_color_filtered), (14 bytes).
    Removing lv_obj_style_gen.o(i.lv_obj_set_style_border_opa), (10 bytes).
    Removing lv_obj_style_gen.o(i.lv_obj_set_style_border_post), (10 bytes).
    Removing lv_obj_style_gen.o(i.lv_obj_set_style_border_side), (10 bytes).
    Removing lv_obj_style_gen.o(i.lv_obj_set_style_border_width), (12 bytes).
    Removing lv_obj_style_gen.o(i.lv_obj_set_style_clip_corner), (10 bytes).
    Removing lv_obj_style_gen.o(i.lv_obj_set_style_color_filter_dsc), (10 bytes).
    Removing lv_obj_style_gen.o(i.lv_obj_set_style_color_filter_opa), (10 bytes).
    Removing lv_obj_style_gen.o(i.lv_obj_set_style_img_opa), (10 bytes).
    Removing lv_obj_style_gen.o(i.lv_obj_set_style_img_recolor), (12 bytes).
    Removing lv_obj_style_gen.o(i.lv_obj_set_style_img_recolor_filtered), (14 bytes).
    Removing lv_obj_style_gen.o(i.lv_obj_set_style_img_recolor_opa), (10 bytes).
    Removing lv_obj_style_gen.o(i.lv_obj_set_style_layout), (12 bytes).
    Removing lv_obj_style_gen.o(i.lv_obj_set_style_line_color), (12 bytes).
    Removing lv_obj_style_gen.o(i.lv_obj_set_style_line_color_filtered), (14 bytes).
    Removing lv_obj_style_gen.o(i.lv_obj_set_style_line_dash_gap), (10 bytes).
    Removing lv_obj_style_gen.o(i.lv_obj_set_style_line_dash_width), (10 bytes).
    Removing lv_obj_style_gen.o(i.lv_obj_set_style_line_opa), (10 bytes).
    Removing lv_obj_style_gen.o(i.lv_obj_set_style_line_rounded), (10 bytes).
    Removing lv_obj_style_gen.o(i.lv_obj_set_style_line_width), (12 bytes).
    Removing lv_obj_style_gen.o(i.lv_obj_set_style_max_height), (12 bytes).
    Removing lv_obj_style_gen.o(i.lv_obj_set_style_max_width), (12 bytes).
    Removing lv_obj_style_gen.o(i.lv_obj_set_style_min_height), (12 bytes).
    Removing lv_obj_style_gen.o(i.lv_obj_set_style_min_width), (12 bytes).
    Removing lv_obj_style_gen.o(i.lv_obj_set_style_opa), (12 bytes).
    Removing lv_obj_style_gen.o(i.lv_obj_set_style_outline_color), (12 bytes).
    Removing lv_obj_style_gen.o(i.lv_obj_set_style_outline_color_filtered), (14 bytes).
    Removing lv_obj_style_gen.o(i.lv_obj_set_style_outline_opa), (12 bytes).
    Removing lv_obj_style_gen.o(i.lv_obj_set_style_outline_pad), (12 bytes).
    Removing lv_obj_style_gen.o(i.lv_obj_set_style_outline_width), (12 bytes).
    Removing lv_obj_style_gen.o(i.lv_obj_set_style_pad_bottom), (12 bytes).
    Removing lv_obj_style_gen.o(i.lv_obj_set_style_pad_column), (12 bytes).
    Removing lv_obj_style_gen.o(i.lv_obj_set_style_pad_left), (12 bytes).
    Removing lv_obj_style_gen.o(i.lv_obj_set_style_pad_right), (12 bytes).
    Removing lv_obj_style_gen.o(i.lv_obj_set_style_pad_row), (12 bytes).
    Removing lv_obj_style_gen.o(i.lv_obj_set_style_pad_top), (12 bytes).
    Removing lv_obj_style_gen.o(i.lv_obj_set_style_radius), (10 bytes).
    Removing lv_obj_style_gen.o(i.lv_obj_set_style_shadow_color), (12 bytes).
    Removing lv_obj_style_gen.o(i.lv_obj_set_style_shadow_color_filtered), (14 bytes).
    Removing lv_obj_style_gen.o(i.lv_obj_set_style_shadow_ofs_x), (12 bytes).
    Removing lv_obj_style_gen.o(i.lv_obj_set_style_shadow_ofs_y), (12 bytes).
    Removing lv_obj_style_gen.o(i.lv_obj_set_style_shadow_opa), (12 bytes).
    Removing lv_obj_style_gen.o(i.lv_obj_set_style_shadow_spread), (12 bytes).
    Removing lv_obj_style_gen.o(i.lv_obj_set_style_shadow_width), (12 bytes).
    Removing lv_obj_style_gen.o(i.lv_obj_set_style_text_align), (12 bytes).
    Removing lv_obj_style_gen.o(i.lv_obj_set_style_text_color), (14 bytes).
    Removing lv_obj_style_gen.o(i.lv_obj_set_style_text_color_filtered), (14 bytes).
    Removing lv_obj_style_gen.o(i.lv_obj_set_style_text_decor), (12 bytes).
    Removing lv_obj_style_gen.o(i.lv_obj_set_style_text_font), (12 bytes).
    Removing lv_obj_style_gen.o(i.lv_obj_set_style_text_letter_space), (12 bytes).
    Removing lv_obj_style_gen.o(i.lv_obj_set_style_text_line_space), (12 bytes).
    Removing lv_obj_style_gen.o(i.lv_obj_set_style_text_opa), (12 bytes).
    Removing lv_obj_style_gen.o(i.lv_obj_set_style_transform_angle), (12 bytes).
    Removing lv_obj_style_gen.o(i.lv_obj_set_style_transform_height), (12 bytes).
    Removing lv_obj_style_gen.o(i.lv_obj_set_style_transform_width), (12 bytes).
    Removing lv_obj_style_gen.o(i.lv_obj_set_style_transform_zoom), (12 bytes).
    Removing lv_obj_style_gen.o(i.lv_obj_set_style_transition), (10 bytes).
    Removing lv_obj_style_gen.o(i.lv_obj_set_style_translate_x), (12 bytes).
    Removing lv_obj_style_gen.o(i.lv_obj_set_style_translate_y), (12 bytes).
    Removing lv_obj_tree.o(i.lv_obj_clean), (56 bytes).
    Removing lv_obj_tree.o(i.lv_obj_del), (102 bytes).
    Removing lv_obj_tree.o(i.lv_obj_del_anim_ready_cb), (6 bytes).
    Removing lv_obj_tree.o(i.lv_obj_del_async), (12 bytes).
    Removing lv_obj_tree.o(i.lv_obj_del_async_cb), (4 bytes).
    Removing lv_obj_tree.o(i.lv_obj_del_delayed), (48 bytes).
    Removing lv_obj_tree.o(i.lv_obj_get_index), (54 bytes).
    Removing lv_obj_tree.o(i.lv_obj_move_to_index), (132 bytes).
    Removing lv_obj_tree.o(i.lv_obj_set_parent), (222 bytes).
    Removing lv_obj_tree.o(i.lv_obj_swap), (142 bytes).
    Removing lv_obj_tree.o(i.lv_obj_tree_walk), (4 bytes).
    Removing lv_obj_tree.o(i.obj_del_core), (282 bytes).
    Removing lv_obj_tree.o(i.walk_core), (110 bytes).
    Removing lv_refr.o(i._lv_refr_set_disp_refreshing), (12 bytes).
    Removing lv_refr.o(i.lv_refr_now), (48 bytes).
    Removing lv_theme.o(i.lv_theme_get_color_primary), (22 bytes).
    Removing lv_theme.o(i.lv_theme_get_color_secondary), (22 bytes).
    Removing lv_theme.o(i.lv_theme_get_font_large), (20 bytes).
    Removing lv_theme.o(i.lv_theme_get_font_normal), (20 bytes).
    Removing lv_theme.o(i.lv_theme_get_font_small), (20 bytes).
    Removing lv_theme.o(i.lv_theme_set_apply_cb), (4 bytes).
    Removing lv_theme.o(i.lv_theme_set_parent), (4 bytes).
    Removing lv_draw_arc.o(i.lv_draw_arc), (32 bytes).
    Removing lv_draw_arc.o(i.lv_draw_arc_dsc_init), (36 bytes).
    Removing lv_draw_arc.o(i.lv_draw_arc_get_area), (902 bytes).
    Removing lv_draw_mask.o(i.lv_draw_mask_apply_ids), (88 bytes).
    Removing lv_draw_mask.o(i.lv_draw_mask_fade), (180 bytes).
    Removing lv_draw_mask.o(i.lv_draw_mask_fade_init), (48 bytes).
    Removing lv_draw_mask.o(i.lv_draw_mask_get_cnt), (32 bytes).
    Removing lv_draw_mask.o(i.lv_draw_mask_map), (128 bytes).
    Removing lv_draw_mask.o(i.lv_draw_mask_map_init), (28 bytes).
    Removing lv_draw_mask.o(i.lv_draw_mask_polygon), (518 bytes).
    Removing lv_draw_mask.o(i.lv_draw_mask_polygon_init), (144 bytes).
    Removing lv_draw_triangle.o(i.lv_draw_polygon), (10 bytes).
    Removing lv_draw_triangle.o(i.lv_draw_triangle), (12 bytes).
    Removing lv_img_buf.o(i.lv_img_buf_alloc), (90 bytes).
    Removing lv_img_buf.o(i.lv_img_buf_free), (26 bytes).
    Removing lv_img_buf.o(i.lv_img_buf_get_img_size), (112 bytes).
    Removing lv_img_buf.o(i.lv_img_buf_set_palette), (104 bytes).
    Removing lv_img_buf.o(i.lv_img_buf_set_px_alpha), (184 bytes).
    Removing lv_img_buf.o(i.lv_img_buf_set_px_color), (260 bytes).
    Removing lv_img_cache.o(i.lv_img_cache_invalidate_src), (2 bytes).
    Removing lv_img_cache.o(i.lv_img_cache_set_size), (2 bytes).
    Removing lv_img_decoder.o(i.lv_img_decoder_delete), (28 bytes).
    Removing lv_img_decoder.o(i.lv_img_decoder_set_close_cb), (4 bytes).
    Removing lv_img_decoder.o(i.lv_img_decoder_set_info_cb), (4 bytes).
    Removing lv_img_decoder.o(i.lv_img_decoder_set_open_cb), (4 bytes).
    Removing lv_img_decoder.o(i.lv_img_decoder_set_read_line_cb), (4 bytes).
    Removing lv_draw_sw.o(i.lv_draw_sw_deinit_ctx), (8 bytes).
    Removing lv_draw_sw_gradient.o(i.lv_gradient_free_cache), (32 bytes).
    Removing lv_draw_sw_letter.o(.constdata), (8 bytes).
    Removing lv_flex.o(i.lv_obj_set_flex_align), (56 bytes).
    Removing lv_flex.o(i.lv_obj_set_flex_flow), (32 bytes).
    Removing lv_flex.o(i.lv_obj_set_flex_grow), (24 bytes).
    Removing lv_flex.o(i.lv_obj_set_style_flex_cross_place), (16 bytes).
    Removing lv_flex.o(i.lv_obj_set_style_flex_flow), (16 bytes).
    Removing lv_flex.o(i.lv_obj_set_style_flex_grow), (16 bytes).
    Removing lv_flex.o(i.lv_obj_set_style_flex_main_place), (16 bytes).
    Removing lv_flex.o(i.lv_obj_set_style_flex_track_place), (16 bytes).
    Removing lv_flex.o(i.lv_style_set_flex_cross_place), (16 bytes).
    Removing lv_flex.o(i.lv_style_set_flex_flow), (16 bytes).
    Removing lv_flex.o(i.lv_style_set_flex_grow), (16 bytes).
    Removing lv_flex.o(i.lv_style_set_flex_main_place), (16 bytes).
    Removing lv_flex.o(i.lv_style_set_flex_track_place), (16 bytes).
    Removing qrcodegen.o(i.addEccAndInterleave), (380 bytes).
    Removing qrcodegen.o(i.addRunToHistory), (18 bytes).
    Removing qrcodegen.o(i.appendBitsToBuffer), (60 bytes).
    Removing qrcodegen.o(i.applyMask), (246 bytes).
    Removing qrcodegen.o(i.calcSegmentBitLength), (108 bytes).
    Removing qrcodegen.o(i.drawCodewords), (146 bytes).
    Removing qrcodegen.o(i.drawFormatBits), (244 bytes).
    Removing qrcodegen.o(i.drawWhiteFunctionModules), (364 bytes).
    Removing qrcodegen.o(i.fillRectangle), (58 bytes).
    Removing qrcodegen.o(i.finiteFieldMultiply), (38 bytes).
    Removing qrcodegen.o(i.getAlignmentPatternPositions), (76 bytes).
    Removing qrcodegen.o(i.getModule), (54 bytes).
    Removing qrcodegen.o(i.getNumDataCodewords), (60 bytes).
    Removing qrcodegen.o(i.getNumRawDataModules), (58 bytes).
    Removing qrcodegen.o(i.getPenaltyScore), (474 bytes).
    Removing qrcodegen.o(i.getTotalBits), (100 bytes).
    Removing qrcodegen.o(i.hasFinderLikePattern), (56 bytes).
    Removing qrcodegen.o(i.initializeFunctionModules), (232 bytes).
    Removing qrcodegen.o(i.numCharCountBits), (72 bytes).
    Removing qrcodegen.o(i.qrcodegen_calcSegmentBufferSize), (32 bytes).
    Removing qrcodegen.o(i.qrcodegen_encodeBinary), (78 bytes).
    Removing qrcodegen.o(i.qrcodegen_encodeSegments), (32 bytes).
    Removing qrcodegen.o(i.qrcodegen_encodeSegmentsAdvanced), (536 bytes).
    Removing qrcodegen.o(i.qrcodegen_encodeText), (226 bytes).
    Removing qrcodegen.o(i.qrcodegen_getMinFitVersion), (68 bytes).
    Removing qrcodegen.o(i.qrcodegen_getModule), (40 bytes).
    Removing qrcodegen.o(i.qrcodegen_getSize), (20 bytes).
    Removing qrcodegen.o(i.qrcodegen_isAlphanumeric), (40 bytes).
    Removing qrcodegen.o(i.qrcodegen_isNumeric), (30 bytes).
    Removing qrcodegen.o(i.qrcodegen_makeAlphanumeric), (184 bytes).
    Removing qrcodegen.o(i.qrcodegen_makeBytes), (68 bytes).
    Removing qrcodegen.o(i.qrcodegen_makeEci), (148 bytes).
    Removing qrcodegen.o(i.qrcodegen_makeNumeric), (168 bytes).
    Removing qrcodegen.o(i.qrcodegen_version2size), (18 bytes).
    Removing qrcodegen.o(i.setModule), (66 bytes).
    Removing qrcodegen.o(i.setModuleBounded), (30 bytes).
    Removing qrcodegen.o(.constdata), (392 bytes).
    Removing qrcodegen.o(.conststring), (46 bytes).
    Removing qrcodegen.o(.data), (4 bytes).
    Removing lv_calendar.o(i.draw_part_begin_event_cb), (168 bytes).
    Removing lv_calendar.o(i.get_day_of_week), (72 bytes).
    Removing lv_calendar.o(i.get_month_length), (88 bytes).
    Removing lv_calendar.o(i.highlight_update), (154 bytes).
    Removing lv_calendar.o(i.lv_calendar_constructor), (252 bytes).
    Removing lv_calendar.o(i.lv_calendar_create), (24 bytes).
    Removing lv_calendar.o(i.lv_calendar_get_btnmatrix), (4 bytes).
    Removing lv_calendar.o(i.lv_calendar_get_highlighted_dates), (4 bytes).
    Removing lv_calendar.o(i.lv_calendar_get_highlighted_dates_num), (4 bytes).
    Removing lv_calendar.o(i.lv_calendar_get_pressed_date), (82 bytes).
    Removing lv_calendar.o(i.lv_calendar_get_showed_date), (4 bytes).
    Removing lv_calendar.o(i.lv_calendar_get_today_date), (4 bytes).
    Removing lv_calendar.o(i.lv_calendar_set_day_names), (26 bytes).
    Removing lv_calendar.o(i.lv_calendar_set_highlighted_dates), (8 bytes).
    Removing lv_calendar.o(i.lv_calendar_set_showed_date), (316 bytes).
    Removing lv_calendar.o(i.lv_calendar_set_today_date), (14 bytes).
    Removing lv_calendar.o(.constdata), (28 bytes).
    Removing lv_calendar.o(.conststring), (27 bytes).
    Removing lv_calendar.o(.data), (28 bytes).
    Removing lv_calendar_header_arrow.o(i.lv_calendar_header_arrow_create), (24 bytes).
    Removing lv_calendar_header_arrow.o(i.month_event_cb), (144 bytes).
    Removing lv_calendar_header_arrow.o(i.my_constructor), (220 bytes).
    Removing lv_calendar_header_arrow.o(i.value_changed_event_cb), (68 bytes).
    Removing lv_calendar_header_arrow.o(.constdata), (28 bytes).
    Removing lv_calendar_header_arrow.o(.conststring), (105 bytes).
    Removing lv_calendar_header_arrow.o(.data), (48 bytes).
    Removing lv_font_loader.o(i.init_bit_iterator), (18 bytes).
    Removing lv_font_loader.o(i.load_cmaps), (132 bytes).
    Removing lv_font_loader.o(i.load_cmaps_tables), (216 bytes).
    Removing lv_font_loader.o(i.load_glyph), (636 bytes).
    Removing lv_font_loader.o(i.load_kern), (384 bytes).
    Removing lv_font_loader.o(i.lv_font_free), (166 bytes).
    Removing lv_font_loader.o(i.lv_font_load), (62 bytes).
    Removing lv_font_loader.o(i.lvgl_load_font), (372 bytes).
    Removing lv_font_loader.o(i.read_bits), (78 bytes).
    Removing lv_font_loader.o(i.read_bits_signed), (28 bytes).
    Removing lv_font_loader.o(i.read_label), (62 bytes).
    Removing lv_hal_disp.o(i.invalidate_layout_cb), (10 bytes).
    Removing lv_hal_disp.o(i.lv_color_mix), (106 bytes).
    Removing lv_hal_disp.o(i.lv_color_mix_with_alpha), (180 bytes).
    Removing lv_hal_disp.o(i.lv_disp_drv_update), (192 bytes).
    Removing lv_hal_disp.o(i.lv_disp_drv_use_generic_set_px_cb), (72 bytes).
    Removing lv_hal_disp.o(i.lv_disp_flush_is_last), (12 bytes).
    Removing lv_hal_disp.o(i.lv_disp_get_antialiasing), (24 bytes).
    Removing lv_hal_disp.o(i.lv_disp_get_next), (20 bytes).
    Removing lv_hal_disp.o(i.lv_disp_get_offset_x), (80 bytes).
    Removing lv_hal_disp.o(i.lv_disp_get_offset_y), (80 bytes).
    Removing lv_hal_disp.o(i.lv_disp_get_physical_hor_res), (60 bytes).
    Removing lv_hal_disp.o(i.lv_disp_get_physical_ver_res), (60 bytes).
    Removing lv_hal_disp.o(i.lv_disp_get_rotation), (24 bytes).
    Removing lv_hal_disp.o(i.lv_disp_remove), (128 bytes).
    Removing lv_hal_disp.o(i.lv_disp_set_default), (12 bytes).
    Removing lv_hal_disp.o(i.lv_disp_set_rotation), (32 bytes).
    Removing lv_hal_disp.o(i.set_px_alpha_generic), (146 bytes).
    Removing lv_hal_disp.o(i.set_px_cb_alpha1), (44 bytes).
    Removing lv_hal_disp.o(i.set_px_cb_alpha2), (44 bytes).
    Removing lv_hal_disp.o(i.set_px_cb_alpha4), (44 bytes).
    Removing lv_hal_disp.o(i.set_px_cb_alpha8), (44 bytes).
    Removing lv_hal_disp.o(i.set_px_true_color_alpha), (132 bytes).
    Removing lv_hal_indev.o(i._lv_indev_read), (68 bytes).
    Removing lv_hal_indev.o(i.lv_indev_delete), (36 bytes).
    Removing lv_hal_indev.o(i.lv_indev_drv_init), (40 bytes).
    Removing lv_hal_indev.o(i.lv_indev_drv_register), (76 bytes).
    Removing lv_hal_indev.o(i.lv_indev_drv_update), (64 bytes).
    Removing lv_anim.o(i.lv_anim_count_running), (36 bytes).
    Removing lv_anim.o(i.lv_anim_del_all), (20 bytes).
    Removing lv_anim.o(i.lv_anim_get), (48 bytes).
    Removing lv_anim.o(i.lv_anim_get_playtime), (64 bytes).
    Removing lv_anim.o(i.lv_anim_path_bounce), (156 bytes).
    Removing lv_anim.o(i.lv_anim_path_ease_in), (48 bytes).
    Removing lv_anim.o(i.lv_anim_path_ease_in_out), (50 bytes).
    Removing lv_anim.o(i.lv_anim_path_overshoot), (52 bytes).
    Removing lv_anim.o(i.lv_anim_path_step), (16 bytes).
    Removing lv_anim.o(i.lv_anim_refr_now), (6 bytes).
    Removing lv_anim_timeline.o(i.lv_anim_timeline_add), (124 bytes).
    Removing lv_anim_timeline.o(i.lv_anim_timeline_create), (22 bytes).
    Removing lv_anim_timeline.o(i.lv_anim_timeline_del), (24 bytes).
    Removing lv_anim_timeline.o(i.lv_anim_timeline_get_playtime), (64 bytes).
    Removing lv_anim_timeline.o(i.lv_anim_timeline_get_reverse), (4 bytes).
    Removing lv_anim_timeline.o(i.lv_anim_timeline_set_progress), (100 bytes).
    Removing lv_anim_timeline.o(i.lv_anim_timeline_set_reverse), (4 bytes).
    Removing lv_anim_timeline.o(i.lv_anim_timeline_start), (92 bytes).
    Removing lv_anim_timeline.o(i.lv_anim_timeline_stop), (34 bytes).
    Removing lv_anim_timeline.o(i.lv_anim_timeline_virtual_exec_cb), (2 bytes).
    Removing lv_area.o(i._lv_area_is_equal), (56 bytes).
    Removing lv_area.o(i._lv_area_set_pos), (48 bytes).
    Removing lv_area.o(i.lv_area_align), (490 bytes).
    Removing lv_area.o(i.lv_area_get_height), (12 bytes).
    Removing lv_area.o(i.lv_area_get_width), (12 bytes).
    Removing lv_async.o(i.lv_async_call), (56 bytes).
    Removing lv_async.o(i.lv_async_timer_cb), (20 bytes).
    Removing lv_color.o(i.lv_color_change_lightness), (40 bytes).
    Removing lv_color.o(i.lv_color_darken), (22 bytes).
    Removing lv_color.o(i.lv_color_hsv_to_rgb), (168 bytes).
    Removing lv_color.o(i.lv_color_lighten), (30 bytes).
    Removing lv_color.o(i.lv_color_mix), (106 bytes).
    Removing lv_color.o(i.lv_color_rgb_to_hsv), (218 bytes).
    Removing lv_color.o(i.lv_color_to_hsv), (64 bytes).
    Removing lv_color.o(i.lv_palette_darken), (40 bytes).
    Removing lv_color.o(i.lv_palette_lighten), (40 bytes).
    Removing lv_fs.o(i.lv_fs_dir_close), (34 bytes).
    Removing lv_fs.o(i.lv_fs_dir_open), (78 bytes).
    Removing lv_fs.o(i.lv_fs_dir_read), (40 bytes).
    Removing lv_fs.o(i.lv_fs_drv_init), (6 bytes).
    Removing lv_fs.o(i.lv_fs_drv_register), (24 bytes).
    Removing lv_fs.o(i.lv_fs_get_last), (56 bytes).
    Removing lv_fs.o(i.lv_fs_get_letters), (44 bytes).
    Removing lv_fs.o(i.lv_fs_is_ready), (24 bytes).
    Removing lv_fs.o(i.lv_fs_tell), (52 bytes).
    Removing lv_fs.o(i.lv_fs_up), (54 bytes).
    Removing lv_fs.o(i.lv_fs_write), (58 bytes).
    Removing lv_gc.o(i._lv_gc_clear_roots), (184 bytes).
    Removing lv_ll.o(i._lv_ll_chg_list), (104 bytes).
    Removing lv_ll.o(i._lv_ll_clear), (44 bytes).
    Removing lv_ll.o(i._lv_ll_get_len), (28 bytes).
    Removing lv_ll.o(i._lv_ll_ins_prev), (98 bytes).
    Removing lv_ll.o(i._lv_ll_move_before), (94 bytes).
    Removing lv_lru.o(i.lv_lru_cmp_keys), (20 bytes).
    Removing lv_lru.o(i.lv_lru_create), (112 bytes).
    Removing lv_lru.o(i.lv_lru_del), (94 bytes).
    Removing lv_lru.o(i.lv_lru_get), (88 bytes).
    Removing lv_lru.o(i.lv_lru_hash), (92 bytes).
    Removing lv_lru.o(i.lv_lru_remove), (84 bytes).
    Removing lv_lru.o(i.lv_lru_remove_item), (56 bytes).
    Removing lv_lru.o(i.lv_lru_set), (334 bytes).
    Removing lv_math.o(i.lv_atan2), (146 bytes).
    Removing lv_math.o(i.lv_pow), (52 bytes).
    Removing lv_math.o(i.lv_rand), (40 bytes).
    Removing lv_math.o(i.lv_sqrt), (34 bytes).
    Removing lv_math.o(.data), (4 bytes).
    Removing lv_mem.o(i.lv_mem_deinit), (24 bytes).
    Removing lv_mem.o(i.lv_mem_test), (48 bytes).
    Removing lv_printf.o(i._atoi), (46 bytes).
    Removing lv_printf.o(i._is_digit), (14 bytes).
    Removing lv_printf.o(i._ntoa_format), (300 bytes).
    Removing lv_printf.o(i._ntoa_long), (128 bytes).
    Removing lv_printf.o(i._ntoa_long_long), (128 bytes).
    Removing lv_printf.o(i._out_buffer), (8 bytes).
    Removing lv_printf.o(i._out_null), (2 bytes).
    Removing lv_printf.o(i._vsnprintf), (1108 bytes).
    Removing lv_printf.o(i.lv_snprintf), (32 bytes).
    Removing lv_printf.o(i.lv_vsnprintf), (24 bytes).
    Removing lv_style.o(i.lv_style_transition_dsc_init), (48 bytes).
    Removing lv_style_gen.o(i.lv_style_set_align), (10 bytes).
    Removing lv_style_gen.o(i.lv_style_set_anim_speed), (8 bytes).
    Removing lv_style_gen.o(i.lv_style_set_anim_time), (8 bytes).
    Removing lv_style_gen.o(i.lv_style_set_arc_color), (10 bytes).
    Removing lv_style_gen.o(i.lv_style_set_arc_color_filtered), (12 bytes).
    Removing lv_style_gen.o(i.lv_style_set_arc_img_src), (8 bytes).
    Removing lv_style_gen.o(i.lv_style_set_arc_opa), (8 bytes).
    Removing lv_style_gen.o(i.lv_style_set_arc_rounded), (8 bytes).
    Removing lv_style_gen.o(i.lv_style_set_arc_width), (10 bytes).
    Removing lv_style_gen.o(i.lv_style_set_base_dir), (10 bytes).
    Removing lv_style_gen.o(i.lv_style_set_bg_color), (10 bytes).
    Removing lv_style_gen.o(i.lv_style_set_bg_color_filtered), (12 bytes).
    Removing lv_style_gen.o(i.lv_style_set_bg_dither_mode), (8 bytes).
    Removing lv_style_gen.o(i.lv_style_set_bg_grad), (8 bytes).
    Removing lv_style_gen.o(i.lv_style_set_bg_grad_color), (10 bytes).
    Removing lv_style_gen.o(i.lv_style_set_bg_grad_color_filtered), (12 bytes).
    Removing lv_style_gen.o(i.lv_style_set_bg_grad_dir), (8 bytes).
    Removing lv_style_gen.o(i.lv_style_set_bg_grad_stop), (8 bytes).
    Removing lv_style_gen.o(i.lv_style_set_bg_img_opa), (8 bytes).
    Removing lv_style_gen.o(i.lv_style_set_bg_img_recolor), (10 bytes).
    Removing lv_style_gen.o(i.lv_style_set_bg_img_recolor_filtered), (12 bytes).
    Removing lv_style_gen.o(i.lv_style_set_bg_img_recolor_opa), (8 bytes).
    Removing lv_style_gen.o(i.lv_style_set_bg_img_src), (10 bytes).
    Removing lv_style_gen.o(i.lv_style_set_bg_img_tiled), (8 bytes).
    Removing lv_style_gen.o(i.lv_style_set_bg_main_stop), (8 bytes).
    Removing lv_style_gen.o(i.lv_style_set_bg_opa), (8 bytes).
    Removing lv_style_gen.o(i.lv_style_set_blend_mode), (8 bytes).
    Removing lv_style_gen.o(i.lv_style_set_border_color), (10 bytes).
    Removing lv_style_gen.o(i.lv_style_set_border_color_filtered), (12 bytes).
    Removing lv_style_gen.o(i.lv_style_set_border_opa), (8 bytes).
    Removing lv_style_gen.o(i.lv_style_set_border_post), (8 bytes).
    Removing lv_style_gen.o(i.lv_style_set_border_side), (8 bytes).
    Removing lv_style_gen.o(i.lv_style_set_border_width), (10 bytes).
    Removing lv_style_gen.o(i.lv_style_set_clip_corner), (8 bytes).
    Removing lv_style_gen.o(i.lv_style_set_color_filter_dsc), (8 bytes).
    Removing lv_style_gen.o(i.lv_style_set_color_filter_opa), (8 bytes).
    Removing lv_style_gen.o(i.lv_style_set_height), (10 bytes).
    Removing lv_style_gen.o(i.lv_style_set_img_opa), (8 bytes).
    Removing lv_style_gen.o(i.lv_style_set_img_recolor), (10 bytes).
    Removing lv_style_gen.o(i.lv_style_set_img_recolor_filtered), (12 bytes).
    Removing lv_style_gen.o(i.lv_style_set_img_recolor_opa), (8 bytes).
    Removing lv_style_gen.o(i.lv_style_set_layout), (10 bytes).
    Removing lv_style_gen.o(i.lv_style_set_line_color), (10 bytes).
    Removing lv_style_gen.o(i.lv_style_set_line_color_filtered), (12 bytes).
    Removing lv_style_gen.o(i.lv_style_set_line_dash_gap), (8 bytes).
    Removing lv_style_gen.o(i.lv_style_set_line_dash_width), (8 bytes).
    Removing lv_style_gen.o(i.lv_style_set_line_opa), (8 bytes).
    Removing lv_style_gen.o(i.lv_style_set_line_rounded), (8 bytes).
    Removing lv_style_gen.o(i.lv_style_set_line_width), (10 bytes).
    Removing lv_style_gen.o(i.lv_style_set_max_height), (10 bytes).
    Removing lv_style_gen.o(i.lv_style_set_max_width), (10 bytes).
    Removing lv_style_gen.o(i.lv_style_set_min_height), (10 bytes).
    Removing lv_style_gen.o(i.lv_style_set_min_width), (10 bytes).
    Removing lv_style_gen.o(i.lv_style_set_opa), (10 bytes).
    Removing lv_style_gen.o(i.lv_style_set_outline_color), (10 bytes).
    Removing lv_style_gen.o(i.lv_style_set_outline_color_filtered), (12 bytes).
    Removing lv_style_gen.o(i.lv_style_set_outline_opa), (10 bytes).
    Removing lv_style_gen.o(i.lv_style_set_outline_pad), (10 bytes).
    Removing lv_style_gen.o(i.lv_style_set_outline_width), (10 bytes).
    Removing lv_style_gen.o(i.lv_style_set_pad_bottom), (10 bytes).
    Removing lv_style_gen.o(i.lv_style_set_pad_column), (10 bytes).
    Removing lv_style_gen.o(i.lv_style_set_pad_left), (10 bytes).
    Removing lv_style_gen.o(i.lv_style_set_pad_right), (10 bytes).
    Removing lv_style_gen.o(i.lv_style_set_pad_row), (10 bytes).
    Removing lv_style_gen.o(i.lv_style_set_pad_top), (10 bytes).
    Removing lv_style_gen.o(i.lv_style_set_radius), (8 bytes).
    Removing lv_style_gen.o(i.lv_style_set_shadow_color), (10 bytes).
    Removing lv_style_gen.o(i.lv_style_set_shadow_color_filtered), (12 bytes).
    Removing lv_style_gen.o(i.lv_style_set_shadow_ofs_x), (10 bytes).
    Removing lv_style_gen.o(i.lv_style_set_shadow_ofs_y), (10 bytes).
    Removing lv_style_gen.o(i.lv_style_set_shadow_opa), (10 bytes).
    Removing lv_style_gen.o(i.lv_style_set_shadow_spread), (10 bytes).
    Removing lv_style_gen.o(i.lv_style_set_shadow_width), (10 bytes).
    Removing lv_style_gen.o(i.lv_style_set_text_align), (10 bytes).
    Removing lv_style_gen.o(i.lv_style_set_text_color), (12 bytes).
    Removing lv_style_gen.o(i.lv_style_set_text_color_filtered), (12 bytes).
    Removing lv_style_gen.o(i.lv_style_set_text_decor), (10 bytes).
    Removing lv_style_gen.o(i.lv_style_set_text_font), (10 bytes).
    Removing lv_style_gen.o(i.lv_style_set_text_letter_space), (10 bytes).
    Removing lv_style_gen.o(i.lv_style_set_text_line_space), (10 bytes).
    Removing lv_style_gen.o(i.lv_style_set_text_opa), (10 bytes).
    Removing lv_style_gen.o(i.lv_style_set_transform_angle), (10 bytes).
    Removing lv_style_gen.o(i.lv_style_set_transform_height), (10 bytes).
    Removing lv_style_gen.o(i.lv_style_set_transform_width), (10 bytes).
    Removing lv_style_gen.o(i.lv_style_set_transform_zoom), (10 bytes).
    Removing lv_style_gen.o(i.lv_style_set_transition), (8 bytes).
    Removing lv_style_gen.o(i.lv_style_set_translate_x), (10 bytes).
    Removing lv_style_gen.o(i.lv_style_set_translate_y), (10 bytes).
    Removing lv_style_gen.o(i.lv_style_set_width), (10 bytes).
    Removing lv_style_gen.o(i.lv_style_set_x), (10 bytes).
    Removing lv_style_gen.o(i.lv_style_set_y), (10 bytes).
    Removing lv_timer.o(i.lv_timer_create_basic), (12 bytes).
    Removing lv_timer.o(i.lv_timer_enable), (12 bytes).
    Removing lv_timer.o(i.lv_timer_get_idle), (12 bytes).
    Removing lv_timer.o(i.lv_timer_get_next), (20 bytes).
    Removing lv_timer.o(i.lv_timer_reset), (12 bytes).
    Removing lv_timer.o(i.lv_timer_set_cb), (4 bytes).
    Removing lv_timer.o(i.lv_timer_set_period), (4 bytes).
    Removing lv_timer.o(i.lv_timer_set_repeat_count), (4 bytes).
    Removing lv_tlsf.o(i.integrity_walker), (36 bytes).
    Removing lv_tlsf.o(i.lv_tlsf_align_size), (4 bytes).
    Removing lv_tlsf.o(i.lv_tlsf_alloc_overhead), (4 bytes).
    Removing lv_tlsf.o(i.lv_tlsf_block_size), (16 bytes).
    Removing lv_tlsf.o(i.lv_tlsf_block_size_max), (6 bytes).
    Removing lv_tlsf.o(i.lv_tlsf_block_size_min), (4 bytes).
    Removing lv_tlsf.o(i.lv_tlsf_check), (224 bytes).
    Removing lv_tlsf.o(i.lv_tlsf_check_pool), (24 bytes).
    Removing lv_tlsf.o(i.lv_tlsf_destroy), (2 bytes).
    Removing lv_tlsf.o(i.lv_tlsf_memalign), (156 bytes).
    Removing lv_tlsf.o(i.lv_tlsf_pool_overhead), (4 bytes).
    Removing lv_tlsf.o(i.lv_tlsf_remove_pool), (82 bytes).
    Removing lv_tlsf.o(i.lv_tlsf_size), (6 bytes).
    Removing lv_txt.o(i._lv_txt_cut), (64 bytes).
    Removing lv_txt.o(i._lv_txt_ins), (84 bytes).
    Removing lv_txt.o(i._lv_txt_set_text_vfmt), (56 bytes).
    Removing lv_txt.o(i.lv_memcpy_small), (24 bytes).
    Removing lv_txt.o(i.lv_txt_unicode_to_utf8), (126 bytes).
    Removing lv_txt.o(i.lv_txt_utf8_conv_wc), (76 bytes).
    Removing lv_txt.o(i.lv_txt_utf8_get_length), (40 bytes).
    Removing lv_txt.o(i.lv_txt_utf8_prev), (72 bytes).
    Removing lv_txt.o(.data), (4 bytes).
    Removing lv_txt.o(.data), (4 bytes).
    Removing lv_txt.o(.data), (4 bytes).
    Removing lv_txt.o(.data), (4 bytes).
    Removing lv_bar.o(i.draw_indic), (1260 bytes).
    Removing lv_bar.o(i.lv_area_copy), (18 bytes).
    Removing lv_bar.o(i.lv_area_get_height), (12 bytes).
    Removing lv_bar.o(i.lv_area_get_width), (12 bytes).
    Removing lv_bar.o(i.lv_bar_anim), (8 bytes).
    Removing lv_bar.o(i.lv_bar_anim_ready), (42 bytes).
    Removing lv_bar.o(i.lv_bar_constructor), (78 bytes).
    Removing lv_bar.o(i.lv_bar_create), (24 bytes).
    Removing lv_bar.o(i.lv_bar_destructor), (28 bytes).
    Removing lv_bar.o(i.lv_bar_event), (208 bytes).
    Removing lv_bar.o(i.lv_bar_get_max_value), (4 bytes).
    Removing lv_bar.o(i.lv_bar_get_min_value), (4 bytes).
    Removing lv_bar.o(i.lv_bar_get_mode), (10 bytes).
    Removing lv_bar.o(i.lv_bar_get_start_value), (30 bytes).
    Removing lv_bar.o(i.lv_bar_get_value), (14 bytes).
    Removing lv_bar.o(i.lv_bar_init_anim), (14 bytes).
    Removing lv_bar.o(i.lv_bar_set_mode), (20 bytes).
    Removing lv_bar.o(i.lv_bar_set_range), (84 bytes).
    Removing lv_bar.o(i.lv_bar_set_start_value), (74 bytes).
    Removing lv_bar.o(i.lv_bar_set_value), (66 bytes).
    Removing lv_bar.o(i.lv_bar_set_value_with_anim), (112 bytes).
    Removing lv_bar.o(i.lv_obj_get_style_pad_bottom), (14 bytes).
    Removing lv_bar.o(i.lv_obj_get_style_pad_left), (14 bytes).
    Removing lv_bar.o(i.lv_obj_get_style_pad_right), (14 bytes).
    Removing lv_bar.o(i.lv_obj_get_style_pad_top), (14 bytes).
    Removing lv_bar.o(.constdata), (28 bytes).
    Removing lv_btn.o(i.lv_btn_constructor), (26 bytes).
    Removing lv_btn.o(i.lv_btn_create), (24 bytes).
    Removing lv_btn.o(.constdata), (28 bytes).
    Removing lv_btnmatrix.o(i.allocate_btn_areas_and_controls), (124 bytes).
    Removing lv_btnmatrix.o(i.draw_main), (892 bytes).
    Removing lv_btnmatrix.o(i.get_button_from_point), (410 bytes).
    Removing lv_btnmatrix.o(i.get_button_width), (10 bytes).
    Removing lv_btnmatrix.o(i.invalidate_button_area), (198 bytes).
    Removing lv_btnmatrix.o(i.lv_area_copy), (18 bytes).
    Removing lv_btnmatrix.o(i.lv_btnmatrix_clear_btn_ctrl), (46 bytes).
    Removing lv_btnmatrix.o(i.lv_btnmatrix_clear_btn_ctrl_all), (32 bytes).
    Removing lv_btnmatrix.o(i.lv_btnmatrix_constructor), (36 bytes).
    Removing lv_btnmatrix.o(i.lv_btnmatrix_create), (24 bytes).
    Removing lv_btnmatrix.o(i.lv_btnmatrix_destructor), (24 bytes).
    Removing lv_btnmatrix.o(i.lv_btnmatrix_event), (1286 bytes).
    Removing lv_btnmatrix.o(i.lv_btnmatrix_get_btn_text), (84 bytes).
    Removing lv_btnmatrix.o(i.lv_btnmatrix_get_map), (4 bytes).
    Removing lv_btnmatrix.o(i.lv_btnmatrix_get_one_checked), (10 bytes).
    Removing lv_btnmatrix.o(i.lv_btnmatrix_get_selected_btn), (4 bytes).
    Removing lv_btnmatrix.o(i.lv_btnmatrix_has_btn_ctrl), (24 bytes).
    Removing lv_btnmatrix.o(i.lv_btnmatrix_set_btn_ctrl), (70 bytes).
    Removing lv_btnmatrix.o(i.lv_btnmatrix_set_btn_ctrl_all), (32 bytes).
    Removing lv_btnmatrix.o(i.lv_btnmatrix_set_btn_width), (46 bytes).
    Removing lv_btnmatrix.o(i.lv_btnmatrix_set_ctrl_map), (26 bytes).
    Removing lv_btnmatrix.o(i.lv_btnmatrix_set_map), (424 bytes).
    Removing lv_btnmatrix.o(i.lv_btnmatrix_set_one_checked), (10 bytes).
    Removing lv_btnmatrix.o(i.lv_btnmatrix_set_selected_btn), (44 bytes).
    Removing lv_btnmatrix.o(i.lv_obj_get_style_pad_bottom), (14 bytes).
    Removing lv_btnmatrix.o(i.lv_obj_get_style_pad_column), (14 bytes).
    Removing lv_btnmatrix.o(i.lv_obj_get_style_pad_left), (14 bytes).
    Removing lv_btnmatrix.o(i.lv_obj_get_style_pad_right), (14 bytes).
    Removing lv_btnmatrix.o(i.lv_obj_get_style_pad_row), (14 bytes).
    Removing lv_btnmatrix.o(i.lv_obj_get_style_pad_top), (14 bytes).
    Removing lv_btnmatrix.o(i.make_one_button_checked), (42 bytes).
    Removing lv_btnmatrix.o(.constdata), (28 bytes).
    Removing lv_btnmatrix.o(.conststring), (45 bytes).
    Removing lv_btnmatrix.o(.data), (28 bytes).
    Removing lv_label.o(i.draw_main), (606 bytes).
    Removing lv_label.o(i.lv_label_constructor), (100 bytes).
    Removing lv_label.o(i.lv_label_create), (24 bytes).
    Removing lv_label.o(i.lv_label_cut_text), (44 bytes).
    Removing lv_label.o(i.lv_label_destructor), (30 bytes).
    Removing lv_label.o(i.lv_label_dot_tmp_free), (38 bytes).
    Removing lv_label.o(i.lv_label_event), (264 bytes).
    Removing lv_label.o(i.lv_label_get_letter_on), (508 bytes).
    Removing lv_label.o(i.lv_label_get_letter_pos), (452 bytes).
    Removing lv_label.o(i.lv_label_get_long_mode), (10 bytes).
    Removing lv_label.o(i.lv_label_get_recolor), (10 bytes).
    Removing lv_label.o(i.lv_label_get_text), (4 bytes).
    Removing lv_label.o(i.lv_label_get_text_selection_end), (4 bytes).
    Removing lv_label.o(i.lv_label_get_text_selection_start), (4 bytes).
    Removing lv_label.o(i.lv_label_ins_text), (100 bytes).
    Removing lv_label.o(i.lv_label_is_char_under_pos), (434 bytes).
    Removing lv_label.o(i.lv_label_refr_text), (1176 bytes).
    Removing lv_label.o(i.lv_label_revert_dots), (100 bytes).
    Removing lv_label.o(i.lv_label_set_long_mode), (120 bytes).
    Removing lv_label.o(i.lv_label_set_recolor), (26 bytes).
    Removing lv_label.o(i.lv_label_set_text), (114 bytes).
    Removing lv_label.o(i.lv_label_set_text_fmt), (74 bytes).
    Removing lv_label.o(i.lv_label_set_text_sel_end), (6 bytes).
    Removing lv_label.o(i.lv_label_set_text_sel_start), (6 bytes).
    Removing lv_label.o(i.lv_label_set_text_static), (52 bytes).
    Removing lv_label.o(i.lv_obj_get_style_anim_speed), (6 bytes).
    Removing lv_label.o(i.lv_obj_get_style_text_font), (8 bytes).
    Removing lv_label.o(i.lv_obj_get_style_text_letter_space), (14 bytes).
    Removing lv_label.o(i.lv_obj_get_style_text_line_space), (14 bytes).
    Removing lv_label.o(i.lv_obj_get_style_width), (14 bytes).
    Removing lv_label.o(i.set_ofs_x_anim), (8 bytes).
    Removing lv_label.o(i.set_ofs_y_anim), (8 bytes).
    Removing lv_label.o(.constdata), (28 bytes).

1168 unused section(s) (total 62777 bytes) removed from the image.
